<html>
<body>
<pre>
<h1>µVision Build Log</h1>
<h2>Tool Versions:</h2>
IDE-Version: ¦ÌVision V5.29.0.0
Copyright (C) 2019 ARM Ltd and ARM Germany GmbH. All rights reserved.
License Information: 1 shen, 1, LIC=X1ENN-YMEG4-KRGXM-XU4QC-2XWR9-ZEUGE
 
Tool Versions:
Toolchain:       MDK-ARM Professional  Version: 5.29.0.0
Toolchain Path:  C:\Keil_v5\ARM\ARMCC\Bin
C Compiler:      Armcc.exe V5.06 update 6 (build 750)
Assembler:       Armasm.exe V5.06 update 6 (build 750)
Linker/Locator:  ArmLink.exe V5.06 update 6 (build 750)
Library Manager: ArmAr.exe V5.06 update 6 (build 750)
Hex Converter:   FromElf.exe V5.06 update 6 (build 750)
CPU DLL:         SARMCM3.DLL V5.29.0.0
Dialog DLL:      DCM.DLL V1.17.3.0
Target DLL:      STLink\ST-LINKIII-KEIL_SWO.dll V3.0.7.0
Dialog DLL:      TCM.DLL V1.36.5.0
 
<h2>Project:</h2>
C:\Users\shen\Desktop\lcd\fat\MDK-ARM\1.uvprojx
Project File Date:  12/11/2019

<h2>Output:</h2>
*** Using Compiler 'V5.06 update 6 (build 750)', folder: 'C:\Keil_v5\ARM\ARMCC\Bin'
Build target '1'
compiling zhiwen.c...
..\Drivers\zhiwen.h(75): warning:  #1295-D: Deprecated declaration merge - give arg types
  void merge();
..\Drivers\zhiwen.c(19): warning:  #69-D: integer conversion resulted in truncation
      buffer[0]=CMD_PREFIX; buffer[1]=CMD_PREFIX>>8;
..\Drivers\zhiwen.c(73): warning:  #69-D: integer conversion resulted in truncation
      buffer[0]=CMDDAT_PREFIX; buffer[1]=CMDDAT_PREFIX>>8;
..\Drivers\zhiwen.c(135): warning:  #940-D: missing return statement at end of non-void function "zhiwen_init" 
  }
..\Drivers\zhiwen.c(181): warning:  #940-D: missing return statement at end of non-void function "caiji" 
  }
..\Drivers\zhiwen.c: 5 warnings, 0 errors
linking...
Program Size: Code=14204 RO-data=6496 RW-data=160 ZI-data=5632  
FromELF: creating hex file...
"1\1.axf" - 0 Error(s), 5 Warning(s).

<h2>Software Packages used:</h2>

Package Vendor: ARM
                http://www.keil.com/pack/ARM.CMSIS.5.6.0.pack
                ARM.CMSIS.5.6.0
                CMSIS (Cortex Microcontroller Software Interface Standard)
   * Component: CORE Version: 5.3.0

Package Vendor: Keil
                http://www.keil.com/pack/Keil.STM32F1xx_DFP.2.3.0.pack
                Keil.STM32F1xx_DFP.2.3.0
                STMicroelectronics STM32F1 Series Device Support, Drivers and Examples

<h2>Collection of Component include folders:</h2>
  .\RTE\_1
  C:\Keil_v5\ARM\PACK\ARM\CMSIS\5.6.0\CMSIS\Core\Include
  C:\Keil_v5\ARM\PACK\Keil\STM32F1xx_DFP\2.3.0\Device\Include

<h2>Collection of Component Files used:</h2>

   * Component: ARM::CMSIS:CORE:5.3.0
Build Time Elapsed:  00:00:02
</pre>
</body>
</html>
