Component: ARM Compiler 5.06 update 6 (build 750) Tool: armlink [4d35ed]

==============================================================================

Section Cross References

    startup_stm32f103xe.o(RESET) refers to startup_stm32f103xe.o(STACK) for __initial_sp
    startup_stm32f103xe.o(RESET) refers to startup_stm32f103xe.o(.text) for Reset_Handler
    startup_stm32f103xe.o(RESET) refers to stm32f1xx_it.o(i.NMI_Handler) for NMI_Handler
    startup_stm32f103xe.o(RESET) refers to stm32f1xx_it.o(i.HardFault_Handler) for HardFault_Handler
    startup_stm32f103xe.o(RESET) refers to stm32f1xx_it.o(i.MemManage_Handler) for MemManage_Handler
    startup_stm32f103xe.o(RESET) refers to stm32f1xx_it.o(i.BusFault_Handler) for BusFault_Handler
    startup_stm32f103xe.o(RESET) refers to stm32f1xx_it.o(i.UsageFault_Handler) for UsageFault_Handler
    startup_stm32f103xe.o(RESET) refers to port.o(.emb_text) for SVC_Handler
    startup_stm32f103xe.o(RESET) refers to stm32f1xx_it.o(i.DebugMon_Handler) for DebugMon_Handler
    startup_stm32f103xe.o(RESET) refers to stm32f1xx_it.o(i.SysTick_Handler) for SysTick_Handler
    startup_stm32f103xe.o(RESET) refers to stm32f1xx_it.o(i.DMA1_Channel4_IRQHandler) for DMA1_Channel4_IRQHandler
    startup_stm32f103xe.o(RESET) refers to stm32f1xx_it.o(i.DMA1_Channel5_IRQHandler) for DMA1_Channel5_IRQHandler
    startup_stm32f103xe.o(RESET) refers to stm32f1xx_it.o(i.USART1_IRQHandler) for USART1_IRQHandler
    startup_stm32f103xe.o(RESET) refers to stm32f1xx_it.o(i.EXTI15_10_IRQHandler) for EXTI15_10_IRQHandler
    startup_stm32f103xe.o(.text) refers to system_stm32f1xx.o(i.SystemInit) for SystemInit
    startup_stm32f103xe.o(.text) refers to entry.o(.ARM.Collect$$$$00000000) for __main
    main.o(i.SystemClock_Config) refers to memseta.o(.text) for __aeabi_memclr4
    main.o(i.SystemClock_Config) refers to stm32f1xx_hal_rcc.o(i.HAL_RCC_OscConfig) for HAL_RCC_OscConfig
    main.o(i.SystemClock_Config) refers to stm32f1xx_hal_rcc.o(i.HAL_RCC_ClockConfig) for HAL_RCC_ClockConfig
    main.o(i.main) refers to stm32f1xx_hal.o(i.HAL_Init) for HAL_Init
    main.o(i.main) refers to main.o(i.SystemClock_Config) for SystemClock_Config
    main.o(i.main) refers to gpio.o(i.MX_GPIO_Init) for MX_GPIO_Init
    main.o(i.main) refers to dma.o(i.MX_DMA_Init) for MX_DMA_Init
    main.o(i.main) refers to usart.o(i.MX_USART1_UART_Init) for MX_USART1_UART_Init
    main.o(i.main) refers to stm32f1xx_hal_uart.o(i.HAL_UART_Receive_DMA) for HAL_UART_Receive_DMA
    main.o(i.main) refers to lcd.o(i.LCD_Init) for LCD_Init
    main.o(i.main) refers to freertos.o(i.MX_FREERTOS_Init) for MX_FREERTOS_Init
    main.o(i.main) refers to cmsis_os.o(i.osKernelStart) for osKernelStart
    main.o(i.main) refers to stm32f1xx_it.o(.bss) for rx_buffer
    main.o(i.main) refers to usart.o(.bss) for huart1
    gpio.o(i.MX_GPIO_Init) refers to stm32f1xx_hal_gpio.o(i.HAL_GPIO_WritePin) for HAL_GPIO_WritePin
    gpio.o(i.MX_GPIO_Init) refers to stm32f1xx_hal_gpio.o(i.HAL_GPIO_Init) for HAL_GPIO_Init
    gpio.o(i.MX_GPIO_Init) refers to stm32f1xx_hal_cortex.o(i.HAL_NVIC_SetPriority) for HAL_NVIC_SetPriority
    gpio.o(i.MX_GPIO_Init) refers to stm32f1xx_hal_cortex.o(i.HAL_NVIC_EnableIRQ) for HAL_NVIC_EnableIRQ
    freertos.o(i.MX_FREERTOS_Init) refers to memcpya.o(.text) for __aeabi_memcpy4
    freertos.o(i.MX_FREERTOS_Init) refers to cmsis_os.o(i.osThreadCreate) for osThreadCreate
    freertos.o(i.MX_FREERTOS_Init) refers to freertos.o(.constdata) for .constdata
    freertos.o(i.MX_FREERTOS_Init) refers to freertos.o(.data) for .data
    freertos.o(i.SD_Read_Sectorx) refers to mollc.o(i.mymalloc) for mymalloc
    freertos.o(i.SD_Read_Sectorx) refers to sdcard.o(i.SD_ReadDisk) for SD_ReadDisk
    freertos.o(i.SD_Read_Sectorx) refers to lcd.o(i.LCD_ShowString) for LCD_ShowString
    freertos.o(i.SD_Read_Sectorx) refers to printf5.o(i.__0printf$5) for __2printf
    freertos.o(i.SD_Read_Sectorx) refers to mollc.o(i.myfree) for myfree
    freertos.o(i.StartDefaultTask) refers to lcd.o(i.LCD_Clear) for LCD_Clear
    freertos.o(i.StartDefaultTask) refers to lcd.o(i.LCD_ShowString) for LCD_ShowString
    freertos.o(i.StartDefaultTask) refers to stm32f1xx_hal.o(i.HAL_Delay) for HAL_Delay
    freertos.o(i.StartDefaultTask) refers to lcd.o(i.LCD_Fill) for LCD_Fill
    freertos.o(i.StartDefaultTask) refers to zhiwen.o(i.zhiwen_init) for zhiwen_init
    freertos.o(i.StartDefaultTask) refers to zhiwen.o(i.shibie) for shibie
    freertos.o(i.StartDefaultTask) refers to zhiwen.o(i.merge) for merge
    freertos.o(i.StartDefaultTask) refers to zhiwen.o(i.jiance) for jiance
    freertos.o(i.StartDefaultTask) refers to lcd.o(.data) for POINT_COLOR
    freertos.o(i.StartDefaultTask) refers to freertos.o(.data) for .data
    freertos.o(i.fat_init) refers to ff.o(i.f_mount) for f_mount
    freertos.o(i.fat_init) refers to lcd.o(i.LCD_ShowString) for LCD_ShowString
    freertos.o(i.fat_init) refers to stm32f1xx_hal.o(i.HAL_Delay) for HAL_Delay
[...]
    Removing tasks.o(i.vTaskDelay), (76 bytes).
    Removing tasks.o(i.vTaskDelete), (172 bytes).
    Removing tasks.o(i.vTaskEndScheduler), (28 bytes).
    Removing tasks.o(i.vTaskMissedYield), (12 bytes).
    Removing tasks.o(i.vTaskNotifyGiveFromISR), (184 bytes).
    Removing tasks.o(i.vTaskPlaceOnEventList), (48 bytes).
    Removing tasks.o(i.vTaskPlaceOnUnorderedEventList), (80 bytes).
    Removing tasks.o(i.vTaskPriorityInherit), (132 bytes).
    Removing tasks.o(i.vTaskPrioritySet), (196 bytes).
    Removing tasks.o(i.vTaskResume), (124 bytes).
    Removing tasks.o(i.vTaskSetTimeOutState), (36 bytes).
    Removing tasks.o(i.vTaskSuspend), (176 bytes).
    Removing tasks.o(i.xTaskCheckForTimeOut), (108 bytes).
    Removing tasks.o(i.xTaskGenericNotify), (204 bytes).
    Removing tasks.o(i.xTaskGenericNotifyFromISR), (240 bytes).
    Removing tasks.o(i.xTaskGetCurrentTaskHandle), (12 bytes).
    Removing tasks.o(i.xTaskGetTickCount), (12 bytes).
    Removing tasks.o(i.xTaskGetTickCountFromISR), (16 bytes).
    Removing tasks.o(i.xTaskNotifyStateClear), (52 bytes).
    Removing tasks.o(i.xTaskNotifyWait), (140 bytes).
    Removing tasks.o(i.xTaskPriorityDisinherit), (152 bytes).
    Removing tasks.o(i.xTaskRemoveFromEventList), (116 bytes).
    Removing tasks.o(i.xTaskRemoveFromUnorderedEventList), (120 bytes).
    Removing tasks.o(i.xTaskResumeFromISR), (136 bytes).
    Removing cmsis_os.o(.rev16_text), (4 bytes).
    Removing cmsis_os.o(.revsh_text), (4 bytes).
    Removing cmsis_os.o(i.inHandlerMode), (12 bytes).
    Removing cmsis_os.o(i.makeCmsisPriority), (14 bytes).
    Removing cmsis_os.o(i.osAbortDelay), (4 bytes).
    Removing cmsis_os.o(i.osDelay), (14 bytes).
    Removing cmsis_os.o(i.osDelayUntil), (4 bytes).
    Removing cmsis_os.o(i.osKernelRunning), (18 bytes).
    Removing cmsis_os.o(i.osKernelSysTick), (24 bytes).
    Removing cmsis_os.o(i.osMailAlloc), (12 bytes).
    Removing cmsis_os.o(i.osMailCAlloc), (32 bytes).
    Removing cmsis_os.o(i.osMailCreate), (92 bytes).
    Removing cmsis_os.o(i.osMailFree), (12 bytes).
    Removing cmsis_os.o(i.osMailGet), (148 bytes).
    Removing cmsis_os.o(i.osMailPut), (92 bytes).
    Removing cmsis_os.o(i.osMessageAvailableSpace), (4 bytes).
    Removing cmsis_os.o(i.osMessageCreate), (8 bytes).
    Removing cmsis_os.o(i.osMessageDelete), (24 bytes).
    Removing cmsis_os.o(i.osMessageGet), (152 bytes).
    Removing cmsis_os.o(i.osMessagePeek), (78 bytes).
    Removing cmsis_os.o(i.osMessagePut), (92 bytes).
    Removing cmsis_os.o(i.osMessageWaiting), (30 bytes).
    Removing cmsis_os.o(i.osMutexCreate), (6 bytes).
    Removing cmsis_os.o(i.osMutexDelete), (24 bytes).
    Removing cmsis_os.o(i.osMutexRelease), (80 bytes).
    Removing cmsis_os.o(i.osMutexWait), (104 bytes).
    Removing cmsis_os.o(i.osPoolAlloc), (106 bytes).
    Removing cmsis_os.o(i.osPoolCAlloc), (16 bytes).
    Removing cmsis_os.o(i.osPoolCreate), (94 bytes).
    Removing cmsis_os.o(i.osPoolFree), (48 bytes).
    Removing cmsis_os.o(i.osRecursiveMutexCreate), (4 bytes).
    Removing cmsis_os.o(i.osRecursiveMutexRelease), (4 bytes).
    Removing cmsis_os.o(i.osRecursiveMutexWait), (4 bytes).
    Removing cmsis_os.o(i.osSemaphoreCreate), (38 bytes).
    Removing cmsis_os.o(i.osSemaphoreDelete), (24 bytes).
    Removing cmsis_os.o(i.osSemaphoreGetCount), (4 bytes).
    Removing cmsis_os.o(i.osSemaphoreRelease), (80 bytes).
    Removing cmsis_os.o(i.osSemaphoreWait), (104 bytes).
    Removing cmsis_os.o(i.osSignalSet), (92 bytes).
    Removing cmsis_os.o(i.osSignalWait), (86 bytes).
    Removing cmsis_os.o(i.osThreadGetId), (4 bytes).
    Removing cmsis_os.o(i.osThreadGetPriority), (32 bytes).
    Removing cmsis_os.o(i.osThreadList), (4 bytes).
    Removing cmsis_os.o(i.osThreadResume), (52 bytes).
    Removing cmsis_os.o(i.osThreadResumeAll), (18 bytes).
    Removing cmsis_os.o(i.osThreadSetPriority), (22 bytes).
    Removing cmsis_os.o(i.osThreadSuspend), (10 bytes).
    Removing cmsis_os.o(i.osThreadSuspendAll), (10 bytes).
    Removing cmsis_os.o(i.osThreadTerminate), (10 bytes).
    Removing cmsis_os.o(i.osThreadYield), (24 bytes).
    Removing cmsis_os.o(i.osTimerCreate), (4 bytes).
    Removing cmsis_os.o(i.osTimerDelete), (4 bytes).
    Removing cmsis_os.o(i.osTimerStart), (4 bytes).
    Removing cmsis_os.o(i.osTimerStop), (4 bytes).
    Removing heap_4.o(i.vPortInitialiseBlocks), (2 bytes).
    Removing heap_4.o(i.xPortGetFreeHeapSize), (12 bytes).
    Removing heap_4.o(i.xPortGetMinimumEverFreeHeapSize), (12 bytes).
    Removing port.o(i.vPortEndScheduler), (32 bytes).
    Removing port.o(i.vPortValidateInterruptPriority), (84 bytes).
    Removing dmul.o(.text), (228 bytes).
    Removing dfltui.o(.text), (26 bytes).
    Removing dfixui.o(.text), (50 bytes).
    Removing depilogue.o(.text), (186 bytes).
    Removing dadd.o(.text), (334 bytes).
    Removing ddiv.o(.text), (222 bytes).
    Removing dfixul.o(.text), (48 bytes).
    Removing cdrcmple.o(.text), (48 bytes).

615 unused section(s) (total 80672 bytes) removed from the image.

==============================================================================

Image Symbol Table

    Local Symbols

    Symbol Name                              Value     Ov Type        Size  Object(Section)

    ../Core/Src/freertos.c                   0x00000000   Number         0  freertos.o ABSOLUTE
    ../Core/Src/gpio.c                       0x00000000   Number         0  gpio.o ABSOLUTE
    ../Core/Src/main.c                       0x00000000   Number         0  main.o ABSOLUTE
    ../Core/Src/spi.c                        0x00000000   Number         0  spi.o ABSOLUTE
    ../Core/Src/stm32f1xx_hal_msp.c          0x00000000   Number         0  stm32f1xx_hal_msp.o ABSOLUTE
    ../Core/Src/stm32f1xx_it.c               0x00000000   Number         0  stm32f1xx_it.o ABSOLUTE
    ../Core/Src/system_stm32f1xx.c           0x00000000   Number         0  system_stm32f1xx.o ABSOLUTE
    ../Core/Src/usart.c                      0x00000000   Number         0  usart.o ABSOLUTE
    ../Drivers/STM32F1xx_HAL_Driver/Src/stm32f1xx_hal.c 0x00000000   Number         0  stm32f1xx_hal.o ABSOLUTE
    ../Drivers/STM32F1xx_HAL_Driver/Src/stm32f1xx_hal_cortex.c 0x00000000   Number         0  stm32f1xx_hal_cortex.o ABSOLUTE
    ../Drivers/STM32F1xx_HAL_Driver/Src/stm32f1xx_hal_dma.c 0x00000000   Number         0  stm32f1xx_hal_dma.o ABSOLUTE
    ../Drivers/STM32F1xx_HAL_Driver/Src/stm32f1xx_hal_flash.c 0x00000000   Number         0  stm32f1xx_hal_flash.o ABSOLUTE
    ../Drivers/STM32F1xx_HAL_Driver/Src/stm32f1xx_hal_flash_ex.c 0x00000000   Number         0  stm32f1xx_hal_flash_ex.o ABSOLUTE
    ../Drivers/STM32F1xx_HAL_Driver/Src/stm32f1xx_hal_gpio.c 0x00000000   Number         0  stm32f1xx_hal_gpio.o ABSOLUTE
    ../Drivers/STM32F1xx_HAL_Driver/Src/stm32f1xx_hal_gpio_ex.c 0x00000000   Number         0  stm32f1xx_hal_gpio_ex.o ABSOLUTE
    ../Drivers/STM32F1xx_HAL_Driver/Src/stm32f1xx_hal_pwr.c 0x00000000   Number         0  stm32f1xx_hal_pwr.o ABSOLUTE
    ../Drivers/STM32F1xx_HAL_Driver/Src/stm32f1xx_hal_rcc.c 0x00000000   Number         0  stm32f1xx_hal_rcc.o ABSOLUTE
    ../Drivers/STM32F1xx_HAL_Driver/Src/stm32f1xx_hal_rcc_ex.c 0x00000000   Number         0  stm32f1xx_hal_rcc_ex.o ABSOLUTE
    ../Drivers/STM32F1xx_HAL_Driver/Src/stm32f1xx_hal_spi.c 0x00000000   Number         0  stm32f1xx_hal_spi.o ABSOLUTE
    ../Drivers/STM32F1xx_HAL_Driver/Src/stm32f1xx_hal_spi_ex.c 0x00000000   Number         0  stm32f1xx_hal_spi_ex.o ABSOLUTE
    ../Drivers/STM32F1xx_HAL_Driver/Src/stm32f1xx_hal_tim.c 0x00000000   Number         0  stm32f1xx_hal_tim.o ABSOLUTE
    ../Drivers/STM32F1xx_HAL_Driver/Src/stm32f1xx_hal_tim_ex.c 0x00000000   Number         0  stm32f1xx_hal_tim_ex.o ABSOLUTE
    ../Drivers/STM32F1xx_HAL_Driver/Src/stm32f1xx_hal_uart.c 0x00000000   Number         0  stm32f1xx_hal_uart.o ABSOLUTE
    ../FATFS/App/fatfs.c                     0x00000000   Number         0  fatfs.o ABSOLUTE
    ../FATFS/Target/user_diskio.c            0x00000000   Number         0  user_diskio.o ABSOLUTE
    ../Middlewares/Third_Party/FatFs/src/diskio.c 0x00000000   Number         0  diskio.o ABSOLUTE
    ../Middlewares/Third_Party/FatFs/src/ff.c 0x00000000   Number         0  ff.o ABSOLUTE
    ../Middlewares/Third_Party/FatFs/src/ff_gen_drv.c 0x00000000   Number         0  ff_gen_drv.o ABSOLUTE
    ../Middlewares/Third_Party/FatFs/src/option/syscall.c 0x00000000   Number         0  syscall.o ABSOLUTE
    ../Middlewares/Third_Party/FreeRTOS/Source/CMSIS_RTOS/cmsis_os.c 0x00000000   Number         0  cmsis_os.o ABSOLUTE
    ../Middlewares/Third_Party/FreeRTOS/Source/croutine.c 0x00000000   Number         0  croutine.o ABSOLUTE
    ../Middlewares/Third_Party/FreeRTOS/Source/event_groups.c 0x00000000   Number         0  event_groups.o ABSOLUTE
    ../Middlewares/Third_Party/FreeRTOS/Source/list.c 0x00000000   Number         0  list.o ABSOLUTE
    ../Middlewares/Third_Party/FreeRTOS/Source/portable/MemMang/heap_4.c 0x00000000   Number         0  heap_4.o ABSOLUTE
    ../Middlewares/Third_Party/FreeRTOS/Source/portable/RVDS/ARM_CM3/port.c 0x00000000   Number         0  port.o ABSOLUTE
    ../Middlewares/Third_Party/FreeRTOS/Source/queue.c 0x00000000   Number         0  queue.o ABSOLUTE
    ../Middlewares/Third_Party/FreeRTOS/Source/tasks.c 0x00000000   Number         0  tasks.o ABSOLUTE
    ../Middlewares/Third_Party/FreeRTOS/Source/timers.c 0x00000000   Number         0  timers.o ABSOLUTE
    ../clib/microlib/division.c              0x00000000   Number         0  uidiv.o ABSOLUTE
    ../clib/microlib/division.c              0x00000000   Number         0  uldiv.o ABSOLUTE
    ../clib/microlib/init/entry.s            0x00000000   Number         0  entry8a.o ABSOLUTE
    ../clib/microlib/init/entry.s            0x00000000   Number         0  entry.o ABSOLUTE
    ../clib/microlib/init/entry.s            0x00000000   Number         0  entry2.o ABSOLUTE
    ../clib/microlib/init/entry.s            0x00000000   Number         0  entry7a.o ABSOLUTE
    ../clib/microlib/init/entry.s            0x00000000   Number         0  entry5.o ABSOLUTE
    ../clib/microlib/init/entry.s            0x00000000   Number         0  entry7b.o ABSOLUTE
    ../clib/microlib/init/entry.s            0x00000000   Number         0  entry11b.o ABSOLUTE
    ../clib/microlib/init/entry.s            0x00000000   Number         0  entry9a.o ABSOLUTE
    ../clib/microlib/init/entry.s            0x00000000   Number         0  entry11a.o ABSOLUTE
    ../clib/microlib/init/entry.s            0x00000000   Number         0  entry10b.o ABSOLUTE
    ../clib/microlib/init/entry.s            0x00000000   Number         0  entry10a.o ABSOLUTE
    ../clib/microlib/init/entry.s            0x00000000   Number         0  entry9b.o ABSOLUTE
    ../clib/microlib/init/entry.s            0x00000000   Number         0  entry8b.o ABSOLUTE
    ../clib/microlib/longlong.c              0x00000000   Number         0  llsshr.o ABSOLUTE
    ../clib/microlib/longlong.c              0x00000000   Number         0  llshl.o ABSOLUTE
    ../clib/microlib/longlong.c              0x00000000   Number         0  llushr.o ABSOLUTE
    ../clib/microlib/printf/printf.c         0x00000000   Number         0  printf8.o ABSOLUTE
    ../clib/microlib/printf/printf.c         0x00000000   Number         0  printf7.o ABSOLUTE
    ../clib/microlib/printf/printf.c         0x00000000   Number         0  printf5.o ABSOLUTE
    ../clib/microlib/printf/printf.c         0x00000000   Number         0  printf4.o ABSOLUTE
    ../clib/microlib/printf/printf.c         0x00000000   Number         0  printf3.o ABSOLUTE
    ../clib/microlib/printf/printf.c         0x00000000   Number         0  printf6.o ABSOLUTE
    ../clib/microlib/printf/printf.c         0x00000000   Number         0  printf2.o ABSOLUTE
    ../clib/microlib/printf/printf.c         0x00000000   Number         0  printfa.o ABSOLUTE
    ../clib/microlib/printf/printf.c         0x00000000   Number         0  printf1.o ABSOLUTE
    ../clib/microlib/printf/printf.c         0x00000000   Number         0  printfb.o ABSOLUTE
    ../clib/microlib/printf/printf.c         0x00000000   Number         0  printf0.o ABSOLUTE
    ../clib/microlib/printf/stubs.s          0x00000000   Number         0  stubs.o ABSOLUTE
    ../clib/microlib/stdio/streams.c         0x00000000   Number         0  stdout.o ABSOLUTE
    ../clib/microlib/string/memcpy.c         0x00000000   Number         0  memcpyb.o ABSOLUTE
    ../clib/microlib/string/memcpy.c         0x00000000   Number         0  memcpya.o ABSOLUTE
    ../clib/microlib/string/memset.c         0x00000000   Number         0  memseta.o ABSOLUTE
    ../clib/microlib/stubs.s                 0x00000000   Number         0  iusefp.o ABSOLUTE
    ../fplib/microlib/fpadd.c                0x00000000   Number         0  dadd.o ABSOLUTE
    ../fplib/microlib/fpdiv.c                0x00000000   Number         0  ddiv.o ABSOLUTE
    ../fplib/microlib/fpepilogue.c           0x00000000   Number         0  depilogue.o ABSOLUTE
    ../fplib/microlib/fpfix.c                0x00000000   Number         0  dfixul.o ABSOLUTE
    ../fplib/microlib/fpfix.c                0x00000000   Number         0  dfixui.o ABSOLUTE
    ../fplib/microlib/fpflt.c                0x00000000   Number         0  dfltui.o ABSOLUTE
    ../fplib/microlib/fpmul.c                0x00000000   Number         0  dmul.o ABSOLUTE
    ..\Core\Src\freertos.c                   0x00000000   Number         0  freertos.o ABSOLUTE
    ..\Core\Src\gpio.c                       0x00000000   Number         0  gpio.o ABSOLUTE
    ..\Core\Src\main.c                       0x00000000   Number         0  main.o ABSOLUTE
    ..\Core\Src\spi.c                        0x00000000   Number         0  spi.o ABSOLUTE
    ..\Core\Src\stm32f1xx_hal_msp.c          0x00000000   Number         0  stm32f1xx_hal_msp.o ABSOLUTE
    ..\Core\Src\stm32f1xx_it.c               0x00000000   Number         0  stm32f1xx_it.o ABSOLUTE
    ..\Core\Src\system_stm32f1xx.c           0x00000000   Number         0  system_stm32f1xx.o ABSOLUTE
    ..\Core\Src\usart.c                      0x00000000   Number         0  usart.o ABSOLUTE
    ..\Drivers\24cxx.c                       0x00000000   Number         0  24cxx.o ABSOLUTE
    ..\Drivers\STM32F1xx_HAL_Driver\Src\stm32f1xx_hal.c 0x00000000   Number         0  stm32f1xx_hal.o ABSOLUTE
    ..\Drivers\STM32F1xx_HAL_Driver\Src\stm32f1xx_hal_cortex.c 0x00000000   Number         0  stm32f1xx_hal_cortex.o ABSOLUTE
    ..\Drivers\STM32F1xx_HAL_Driver\Src\stm32f1xx_hal_crc.c 0x00000000   Number         0  stm32f1xx_hal_crc.o ABSOLUTE
    ..\Drivers\STM32F1xx_HAL_Driver\Src\stm32f1xx_hal_dma.c 0x00000000   Number         0  stm32f1xx_hal_dma.o ABSOLUTE
    ..\Drivers\STM32F1xx_HAL_Driver\Src\stm32f1xx_hal_flash.c 0x00000000   Number         0  stm32f1xx_hal_flash.o ABSOLUTE
    ..\Drivers\STM32F1xx_HAL_Driver\Src\stm32f1xx_hal_flash_ex.c 0x00000000   Number         0  stm32f1xx_hal_flash_ex.o ABSOLUTE
    ..\Drivers\STM32F1xx_HAL_Driver\Src\stm32f1xx_hal_gpio.c 0x00000000   Number         0  stm32f1xx_hal_gpio.o ABSOLUTE
    ..\Drivers\STM32F1xx_HAL_Driver\Src\stm32f1xx_hal_gpio_ex.c 0x00000000   Number         0  stm32f1xx_hal_gpio_ex.o ABSOLUTE
    ..\Drivers\STM32F1xx_HAL_Driver\Src\stm32f1xx_hal_pwr.c 0x00000000   Number         0  stm32f1xx_hal_pwr.o ABSOLUTE
    ..\Drivers\STM32F1xx_HAL_Driver\Src\stm32f1xx_hal_rcc.c 0x00000000   Number         0  stm32f1xx_hal_rcc.o ABSOLUTE
    ..\Drivers\STM32F1xx_HAL_Driver\Src\stm32f1xx_hal_rcc_ex.c 0x00000000   Number         0  stm32f1xx_hal_rcc_ex.o ABSOLUTE
    ..\Drivers\STM32F1xx_HAL_Driver\Src\stm32f1xx_hal_spi.c 0x00000000   Number         0  stm32f1xx_hal_spi.o ABSOLUTE
    ..\Drivers\STM32F1xx_HAL_Driver\Src\stm32f1xx_hal_spi_ex.c 0x00000000   Number         0  stm32f1xx_hal_spi_ex.o ABSOLUTE
    ..\Drivers\STM32F1xx_HAL_Driver\Src\stm32f1xx_hal_tim.c 0x00000000   Number         0  stm32f1xx_hal_tim.o ABSOLUTE
    ..\Drivers\STM32F1xx_HAL_Driver\Src\stm32f1xx_hal_tim_ex.c 0x00000000   Number         0  stm32f1xx_hal_tim_ex.o ABSOLUTE
    ..\Drivers\STM32F1xx_HAL_Driver\Src\stm32f1xx_hal_uart.c 0x00000000   Number         0  stm32f1xx_hal_uart.o ABSOLUTE
    ..\Drivers\dma.c                         0x00000000   Number         0  dma.o ABSOLUTE
    ..\Drivers\lcd.c                         0x00000000   Number         0  lcd.o ABSOLUTE
    ..\Drivers\mollc.c                       0x00000000   Number         0  mollc.o ABSOLUTE
    ..\Drivers\myiic.c                       0x00000000   Number         0  myiic.o ABSOLUTE
    ..\Drivers\sdcard.c                      0x00000000   Number         0  sdcard.o ABSOLUTE
    ..\Drivers\sss.c                         0x00000000   Number         0  sss.o ABSOLUTE
    ..\Drivers\zhiwen.c                      0x00000000   Number         0  zhiwen.o ABSOLUTE
    ..\FATFS\App\fatfs.c                     0x00000000   Number         0  fatfs.o ABSOLUTE
    ..\FATFS\Target\user_diskio.c            0x00000000   Number         0  user_diskio.o ABSOLUTE
    ..\Middlewares\Third_Party\FatFs\src\diskio.c 0x00000000   Number         0  diskio.o ABSOLUTE
    ..\Middlewares\Third_Party\FatFs\src\ff.c 0x00000000   Number         0  ff.o ABSOLUTE
    ..\Middlewares\Third_Party\FatFs\src\ff_gen_drv.c 0x00000000   Number         0  ff_gen_drv.o ABSOLUTE
    ..\Middlewares\Third_Party\FatFs\src\option\syscall.c 0x00000000   Number         0  syscall.o ABSOLUTE
    ..\Middlewares\Third_Party\FreeRTOS\Source\CMSIS_RTOS\cmsis_os.c 0x00000000   Number         0  cmsis_os.o ABSOLUTE
    ..\Middlewares\Third_Party\FreeRTOS\Source\portable\RVDS\ARM_CM3\port.c 0x00000000   Number         0  port.o ABSOLUTE
    ..\\Drivers\\24cxx.c                     0x00000000   Number         0  24cxx.o ABSOLUTE
    ..\\Drivers\\STM32F1xx_HAL_Driver\\Src\\stm32f1xx_hal_crc.c 0x00000000   Number         0  stm32f1xx_hal_crc.o ABSOLUTE
    ..\\Drivers\\dma.c                       0x00000000   Number         0  dma.o ABSOLUTE
    ..\\Drivers\\lcd.c                       0x00000000   Number         0  lcd.o ABSOLUTE
    ..\\Drivers\\mollc.c                     0x00000000   Number         0  mollc.o ABSOLUTE
    ..\\Drivers\\myiic.c                     0x00000000   Number         0  myiic.o ABSOLUTE
    ..\\Drivers\\sdcard.c                    0x00000000   Number         0  sdcard.o ABSOLUTE
    ..\\Drivers\\sss.c                       0x00000000   Number         0  sss.o ABSOLUTE
    ..\\Drivers\\zhiwen.c                    0x00000000   Number         0  zhiwen.o ABSOLUTE
    cdrcmple.s                               0x00000000   Number         0  cdrcmple.o ABSOLUTE
    dc.s                                     0x00000000   Number         0  dc.o ABSOLUTE
    handlers.s                               0x00000000   Number         0  handlers.o ABSOLUTE
    init.s                                   0x00000000   Number         0  init.o ABSOLUTE
    startup_stm32f103xe.s                    0x00000000   Number         0  startup_stm32f103xe.o ABSOLUTE
    RESET                                    0x08000000   Section      304  startup_stm32f103xe.o(RESET)
    .ARM.Collect$$$$00000000                 0x08000130   Section        0  entry.o(.ARM.Collect$$$$00000000)
    .ARM.Collect$$$$00000001                 0x08000130   Section        4  entry2.o(.ARM.Collect$$$$00000001)
    .ARM.Collect$$$$00000004                 0x08000134   Section        4  entry5.o(.ARM.Collect$$$$00000004)
    .ARM.Collect$$$$00000008                 0x08000138   Section        0  entry7b.o(.ARM.Collect$$$$00000008)
    .ARM.Collect$$$$0000000A                 0x08000138   Section        0  entry8b.o(.ARM.Collect$$$$0000000A)
    .ARM.Collect$$$$0000000B                 0x08000138   Section        8  entry9a.o(.ARM.Collect$$$$0000000B)
    .ARM.Collect$$$$0000000D                 0x08000140   Section        0  entry10a.o(.ARM.Collect$$$$0000000D)
    .ARM.Collect$$$$0000000F                 0x08000140   Section        0  entry11a.o(.ARM.Collect$$$$0000000F)
    .ARM.Collect$$$$00002712                 0x08000140   Section        4  entry2.o(.ARM.Collect$$$$00002712)
    __lit__00000000                          0x08000140   Data           4  entry2.o(.ARM.Collect$$$$00002712)
    .emb_text                                0x08000144   Section      150  port.o(.emb_text)
    .text                                    0x080001dc   Section       36  startup_stm32f103xe.o(.text)
    .text                                    0x08000200   Section        0  memcpya.o(.text)
    .text                                    0x08000224   Section        0  memseta.o(.text)
    .text                                    0x08000248   Section       36  init.o(.text)
    i.BusFault_Handler                       0x0800026c   Section        0  stm32f1xx_it.o(i.BusFault_Handler)
    i.Command_packet                         0x08000270   Section        0  zhiwen.o(i.Command_packet)
    i.DMA1_Channel4_IRQHandler               0x080002ec   Section        0  stm32f1xx_it.o(i.DMA1_Channel4_IRQHandler)
    i.DMA1_Channel5_IRQHandler               0x080002f8   Section        0  stm32f1xx_it.o(i.DMA1_Channel5_IRQHandler)
    i.DMA_SetConfig                          0x08000304   Section        0  stm32f1xx_hal_dma.o(i.DMA_SetConfig)
    DMA_SetConfig                            0x08000305   Thumb Code    42  stm32f1xx_hal_dma.o(i.DMA_SetConfig)
    i.DebugMon_Handler                       0x0800032e   Section        0  stm32f1xx_it.o(i.DebugMon_Handler)
    i.EXTI15_10_IRQHandler                   0x08000330   Section        0  stm32f1xx_it.o(i.EXTI15_10_IRQHandler)
    i.Error_Handler                          0x08000338   Section        0  main.o(i.Error_Handler)
    i.HAL_DMA_Abort                          0x0800033a   Section        0  stm32f1xx_hal_dma.o(i.HAL_DMA_Abort)
    i.HAL_DMA_Abort_IT                       0x0800036c   Section        0  stm32f1xx_hal_dma.o(i.HAL_DMA_Abort_IT)
    i.HAL_DMA_IRQHandler                     0x0800049c   Section        0  stm32f1xx_hal_dma.o(i.HAL_DMA_IRQHandler)
    i.HAL_DMA_Init                           0x080006e4   Section        0  stm32f1xx_hal_dma.o(i.HAL_DMA_Init)
    i.HAL_DMA_Start_IT                       0x08000760   Section        0  stm32f1xx_hal_dma.o(i.HAL_DMA_Start_IT)
    i.HAL_Delay                              0x080007d0   Section        0  stm32f1xx_hal.o(i.HAL_Delay)
    i.HAL_GPIO_EXTI_Callback                 0x080007f4   Section        0  stm32f1xx_hal_gpio.o(i.HAL_GPIO_EXTI_Callback)
    i.HAL_GPIO_EXTI_IRQHandler               0x080007f8   Section        0  stm32f1xx_hal_gpio.o(i.HAL_GPIO_EXTI_IRQHandler)
    i.HAL_GPIO_Init                          0x08000810   Section        0  stm32f1xx_hal_gpio.o(i.HAL_GPIO_Init)
    i.HAL_GPIO_ReadPin                       0x080009f8   Section        0  stm32f1xx_hal_gpio.o(i.HAL_GPIO_ReadPin)
    i.HAL_GPIO_WritePin                      0x08000a02   Section        0  stm32f1xx_hal_gpio.o(i.HAL_GPIO_WritePin)
    i.HAL_GetTick                            0x08000a0c   Section        0  stm32f1xx_hal.o(i.HAL_GetTick)
    i.HAL_IncTick                            0x08000a18   Section        0  stm32f1xx_hal.o(i.HAL_IncTick)
    i.HAL_Init                               0x08000a28   Section        0  stm32f1xx_hal.o(i.HAL_Init)
    i.HAL_InitTick                           0x08000a4c   Section        0  stm32f1xx_hal.o(i.HAL_InitTick)
    i.HAL_MspInit                            0x08000a8c   Section        0  stm32f1xx_hal_msp.o(i.HAL_MspInit)
    i.HAL_NVIC_EnableIRQ                     0x08000ad4   Section        0  stm32f1xx_hal_cortex.o(i.HAL_NVIC_EnableIRQ)
    i.HAL_NVIC_SetPriority                   0x08000aec   Section        0  stm32f1xx_hal_cortex.o(i.HAL_NVIC_SetPriority)
    i.HAL_NVIC_SetPriorityGrouping           0x08000b2c   Section        0  stm32f1xx_hal_cortex.o(i.HAL_NVIC_SetPriorityGrouping)
    i.HAL_RCC_ClockConfig                    0x08000b50   Section        0  stm32f1xx_hal_rcc.o(i.HAL_RCC_ClockConfig)
    i.HAL_RCC_GetPCLK1Freq                   0x08000cbc   Section        0  stm32f1xx_hal_rcc.o(i.HAL_RCC_GetPCLK1Freq)
    i.HAL_RCC_GetPCLK2Freq                   0x08000cdc   Section        0  stm32f1xx_hal_rcc.o(i.HAL_RCC_GetPCLK2Freq)
    i.HAL_RCC_GetSysClockFreq                0x08000cfc   Section        0  stm32f1xx_hal_rcc.o(i.HAL_RCC_GetSysClockFreq)
    i.HAL_RCC_OscConfig                      0x08000d68   Section        0  stm32f1xx_hal_rcc.o(i.HAL_RCC_OscConfig)
    i.HAL_SYSTICK_Config                     0x0800106c   Section        0  stm32f1xx_hal_cortex.o(i.HAL_SYSTICK_Config)
    i.HAL_UART_DMAStop                       0x08001094   Section        0  stm32f1xx_hal_uart.o(i.HAL_UART_DMAStop)
    i.HAL_UART_ErrorCallback                 0x080010ec   Section        0  stm32f1xx_hal_uart.o(i.HAL_UART_ErrorCallback)
    i.HAL_UART_IRQHandler                    0x080010f0   Section        0  stm32f1xx_hal_uart.o(i.HAL_UART_IRQHandler)
    i.HAL_UART_Init                          0x08001200   Section        0  stm32f1xx_hal_uart.o(i.HAL_UART_Init)
    i.HAL_UART_MspInit                       0x08001264   Section        0  usart.o(i.HAL_UART_MspInit)
    i.HAL_UART_Receive_DMA                   0x0800134c   Section        0  stm32f1xx_hal_uart.o(i.HAL_UART_Receive_DMA)
    i.HAL_UART_RxCpltCallback                0x080013e4   Section        0  stm32f1xx_hal_uart.o(i.HAL_UART_RxCpltCallback)
    i.HAL_UART_RxHalfCpltCallback            0x080013e6   Section        0  stm32f1xx_hal_uart.o(i.HAL_UART_RxHalfCpltCallback)
    i.HAL_UART_Transmit                      0x080013e8   Section        0  stm32f1xx_hal_uart.o(i.HAL_UART_Transmit)
    i.HAL_UART_TxCpltCallback                0x080014a2   Section        0  stm32f1xx_hal_uart.o(i.HAL_UART_TxCpltCallback)
    i.HardFault_Handler                      0x080014a4   Section        0  stm32f1xx_it.o(i.HardFault_Handler)
    i.LCD_Clear                              0x080014a8   Section        0  lcd.o(i.LCD_Clear)
    i.LCD_Display_Dir                        0x080014f4   Section        0  lcd.o(i.LCD_Display_Dir)
    i.LCD_Fast_DrawPoint                     0x0800152c   Section        0  lcd.o(i.LCD_Fast_DrawPoint)
    i.LCD_Fill                               0x080015d0   Section        0  lcd.o(i.LCD_Fill)
    i.LCD_Init                               0x08001638   Section        0  lcd.o(i.LCD_Init)
    i.LCD_Pow                                0x080019ac   Section        0  lcd.o(i.LCD_Pow)
    i.LCD_RD_DATA                            0x080019bc   Section        0  lcd.o(i.LCD_RD_DATA)
    i.LCD_ReadReg                            0x08001a04   Section        0  lcd.o(i.LCD_ReadReg)
    i.LCD_Scan_Dir                           0x08001a14   Section        0  lcd.o(i.LCD_Scan_Dir)
    i.LCD_SetCursor                          0x08001b04   Section        0  lcd.o(i.LCD_SetCursor)
    i.LCD_ShowChar                           0x08001b88   Section        0  lcd.o(i.LCD_ShowChar)
    i.LCD_ShowNum                            0x08001c5c   Section        0  lcd.o(i.LCD_ShowNum)
    i.LCD_ShowString                         0x08001cd2   Section        0  lcd.o(i.LCD_ShowString)
    i.LCD_WR_DATAX                           0x08001d28   Section        0  lcd.o(i.LCD_WR_DATAX)
    i.LCD_WR_REG                             0x08001d4c   Section        0  lcd.o(i.LCD_WR_REG)
    i.LCD_WriteRAM_Prepare                   0x08001d70   Section        0  lcd.o(i.LCD_WriteRAM_Prepare)
    i.LCD_WriteReg                           0x08001d7c   Section        0  lcd.o(i.LCD_WriteReg)
    i.MX_DMA_Init                            0x08001da8   Section        0  dma.o(i.MX_DMA_Init)
    i.MX_FREERTOS_Init                       0x08001de4   Section        0  freertos.o(i.MX_FREERTOS_Init)
    i.MX_GPIO_Init                           0x08001e20   Section        0  gpio.o(i.MX_GPIO_Init)
    i.MX_USART1_UART_Init                    0x08001f74   Section        0  usart.o(i.MX_USART1_UART_Init)
    i.MemManage_Handler                      0x08001fb4   Section        0  stm32f1xx_it.o(i.MemManage_Handler)
    i.NMI_Handler                            0x08001fb6   Section        0  stm32f1xx_it.o(i.NMI_Handler)
    i.NVIC_SetPriority                       0x08001fb8   Section        0  stm32f1xx_hal_cortex.o(i.NVIC_SetPriority)
    NVIC_SetPriority                         0x08001fb9   Thumb Code    32  stm32f1xx_hal_cortex.o(i.NVIC_SetPriority)
    i.RX_packet                              0x08001fd8   Section        0  zhiwen.o(i.RX_packet)
    i.Response_Data_Packet                   0x08002014   Section        0  zhiwen.o(i.Response_Data_Packet)
    i.Response_packet                        0x08002044   Section        0  zhiwen.o(i.Response_packet)
    i.StartDefaultTask                       0x0800206c   Section        0  freertos.o(i.StartDefaultTask)
    i.SysTick_Handler                        0x080021f0   Section        0  stm32f1xx_it.o(i.SysTick_Handler)
    i.SystemClock_Config                     0x080021fe   Section        0  main.o(i.SystemClock_Config)
    i.SystemInit                             0x0800224c   Section        0  system_stm32f1xx.o(i.SystemInit)
    i.UART_DMAAbortOnError                   0x08002294   Section        0  stm32f1xx_hal_uart.o(i.UART_DMAAbortOnError)
    UART_DMAAbortOnError                     0x08002295   Thumb Code    16  stm32f1xx_hal_uart.o(i.UART_DMAAbortOnError)
    i.UART_DMAError                          0x080022a4   Section        0  stm32f1xx_hal_uart.o(i.UART_DMAError)
    UART_DMAError                            0x080022a5   Thumb Code    74  stm32f1xx_hal_uart.o(i.UART_DMAError)
    i.UART_DMAReceiveCplt                    0x080022ee   Section        0  stm32f1xx_hal_uart.o(i.UART_DMAReceiveCplt)
    UART_DMAReceiveCplt                      0x080022ef   Thumb Code    60  stm32f1xx_hal_uart.o(i.UART_DMAReceiveCplt)
    i.UART_DMARxHalfCplt                     0x0800232a   Section        0  stm32f1xx_hal_uart.o(i.UART_DMARxHalfCplt)
    UART_DMARxHalfCplt                       0x0800232b   Thumb Code    10  stm32f1xx_hal_uart.o(i.UART_DMARxHalfCplt)
    i.UART_EndRxTransfer                     0x08002334   Section        0  stm32f1xx_hal_uart.o(i.UART_EndRxTransfer)
    UART_EndRxTransfer                       0x08002335   Thumb Code    28  stm32f1xx_hal_uart.o(i.UART_EndRxTransfer)
    i.UART_EndTxTransfer                     0x08002350   Section        0  stm32f1xx_hal_uart.o(i.UART_EndTxTransfer)
    UART_EndTxTransfer                       0x08002351   Thumb Code    18  stm32f1xx_hal_uart.o(i.UART_EndTxTransfer)
    i.UART_Receive_IT                        0x08002362   Section        0  stm32f1xx_hal_uart.o(i.UART_Receive_IT)
    UART_Receive_IT                          0x08002363   Thumb Code   150  stm32f1xx_hal_uart.o(i.UART_Receive_IT)
    i.UART_SetConfig                         0x080023f8   Section        0  stm32f1xx_hal_uart.o(i.UART_SetConfig)
    UART_SetConfig                           0x080023f9   Thumb Code   364  stm32f1xx_hal_uart.o(i.UART_SetConfig)
    i.UART_Transmit_IT                       0x08002568   Section        0  stm32f1xx_hal_uart.o(i.UART_Transmit_IT)
    UART_Transmit_IT                         0x08002569   Thumb Code    98  stm32f1xx_hal_uart.o(i.UART_Transmit_IT)
    i.UART_WaitOnFlagUntilTimeout            0x080025ca   Section        0  stm32f1xx_hal_uart.o(i.UART_WaitOnFlagUntilTimeout)
    UART_WaitOnFlagUntilTimeout              0x080025cb   Thumb Code   100  stm32f1xx_hal_uart.o(i.UART_WaitOnFlagUntilTimeout)
    i.USART1_IRQHandler                      0x08002630   Section        0  stm32f1xx_it.o(i.USART1_IRQHandler)
    i.UsageFault_Handler                     0x0800268c   Section        0  stm32f1xx_it.o(i.UsageFault_Handler)
    i.__scatterload_copy                     0x0800268e   Section       14  handlers.o(i.__scatterload_copy)
    i.__scatterload_null                     0x0800269c   Section        2  handlers.o(i.__scatterload_null)
    i.__scatterload_zeroinit                 0x0800269e   Section       14  handlers.o(i.__scatterload_zeroinit)
    i.caiji                                  0x080026ac   Section        0  zhiwen.o(i.caiji)
    i.cancel                                 0x0800278c   Section        0  zhiwen.o(i.cancel)
    i.imagebuffer                            0x080027a8   Section        0  zhiwen.o(i.imagebuffer)
    i.jiance                                 0x08002878   Section        0  zhiwen.o(i.jiance)
    i.key_scan                               0x0800297c   Section        0  freertos.o(i.key_scan)
    i.luru                                   0x080029e8   Section        0  zhiwen.o(i.luru)
    i.main                                   0x08002ac8   Section        0  main.o(i.main)
    i.makeFreeRtosPriority                   0x08002afc   Section        0  cmsis_os.o(i.makeFreeRtosPriority)
    makeFreeRtosPriority                     0x08002afd   Thumb Code    12  cmsis_os.o(i.makeFreeRtosPriority)
    i.merge                                  0x08002b08   Section        0  zhiwen.o(i.merge)
    i.osKernelStart                          0x08002be0   Section        0  cmsis_os.o(i.osKernelStart)
    i.osSystickHandler                       0x08002bea   Section        0  cmsis_os.o(i.osSystickHandler)
    i.osThreadCreate                         0x08002bfe   Section        0  cmsis_os.o(i.osThreadCreate)
    i.prvAddNewTaskToReadyList               0x08002c2c   Section        0  tasks.o(i.prvAddNewTaskToReadyList)
    prvAddNewTaskToReadyList                 0x08002c2d   Thumb Code   194  tasks.o(i.prvAddNewTaskToReadyList)
    i.prvCheckTasksWaitingTermination        0x08002cfc   Section        0  tasks.o(i.prvCheckTasksWaitingTermination)
    prvCheckTasksWaitingTermination          0x08002cfd   Thumb Code    70  tasks.o(i.prvCheckTasksWaitingTermination)
    i.prvDeleteTCB                           0x08002d4c   Section        0  tasks.o(i.prvDeleteTCB)
    prvDeleteTCB                             0x08002d4d   Thumb Code    20  tasks.o(i.prvDeleteTCB)
    i.prvHeapInit                            0x08002d60   Section        0  heap_4.o(i.prvHeapInit)
    prvHeapInit                              0x08002d61   Thumb Code    66  heap_4.o(i.prvHeapInit)
    i.prvIdleTask                            0x08002dac   Section        0  tasks.o(i.prvIdleTask)
    prvIdleTask                              0x08002dad   Thumb Code    30  tasks.o(i.prvIdleTask)
    i.prvInitialiseNewTask                   0x08002dd4   Section        0  tasks.o(i.prvInitialiseNewTask)
    prvInitialiseNewTask                     0x08002dd5   Thumb Code   142  tasks.o(i.prvInitialiseNewTask)
    i.prvInsertBlockIntoFreeList             0x08002e64   Section        0  heap_4.o(i.prvInsertBlockIntoFreeList)
    prvInsertBlockIntoFreeList               0x08002e65   Thumb Code    72  heap_4.o(i.prvInsertBlockIntoFreeList)
    i.prvResetNextTaskUnblockTime            0x08002eb0   Section        0  tasks.o(i.prvResetNextTaskUnblockTime)
    prvResetNextTaskUnblockTime              0x08002eb1   Thumb Code    26  tasks.o(i.prvResetNextTaskUnblockTime)
    i.prvTaskExitError                       0x08002ed0   Section        0  port.o(i.prvTaskExitError)
    prvTaskExitError                         0x08002ed1   Thumb Code    36  port.o(i.prvTaskExitError)
    i.pvPortMalloc                           0x08002ef8   Section        0  heap_4.o(i.pvPortMalloc)
    i.pxPortInitialiseStack                  0x08002fd0   Section        0  port.o(i.pxPortInitialiseStack)
    i.shibie                                 0x08002ff4   Section        0  zhiwen.o(i.shibie)
    i.uxListRemove                           0x08003300   Section        0  list.o(i.uxListRemove)
    i.vListInitialise                        0x08003324   Section        0  list.o(i.vListInitialise)
    i.vListInitialiseItem                    0x0800333a   Section        0  list.o(i.vListInitialiseItem)
    i.vListInsertEnd                         0x08003340   Section        0  list.o(i.vListInsertEnd)
    i.vPortEnterCritical                     0x08003358   Section        0  port.o(i.vPortEnterCritical)
    i.vPortExitCritical                      0x08003398   Section        0  port.o(i.vPortExitCritical)
    i.vPortFree                              0x080033c0   Section        0  heap_4.o(i.vPortFree)
    i.vPortSetupTimerInterrupt               0x0800341c   Section        0  port.o(i.vPortSetupTimerInterrupt)
    i.vTaskStartScheduler                    0x0800343c   Section        0  tasks.o(i.vTaskStartScheduler)
    i.vTaskSuspendAll                        0x080034a4   Section        0  tasks.o(i.vTaskSuspendAll)
    i.vTaskSwitchContext                     0x080034b4   Section        0  tasks.o(i.vTaskSwitchContext)
    i.xPortStartScheduler                    0x08003510   Section        0  port.o(i.xPortStartScheduler)
    i.xPortSysTickHandler                    0x08003584   Section        0  port.o(i.xPortSysTickHandler)
    i.xTaskCreate                            0x080035b0   Section        0  tasks.o(i.xTaskCreate)
    i.xTaskGetSchedulerState                 0x08003608   Section        0  tasks.o(i.xTaskGetSchedulerState)
    i.xTaskIncrementTick                     0x08003624   Section        0  tasks.o(i.xTaskIncrementTick)
    i.xTaskResumeAll                         0x080036ec   Section        0  tasks.o(i.xTaskResumeAll)
    i.zhiwen_init                            0x080037b0   Section        0  zhiwen.o(i.zhiwen_init)
    .constdata                               0x080038ac   Section       40  freertos.o(.constdata)
    .constdata                               0x080038d4   Section     6080  lcd.o(.constdata)
    .constdata                               0x08005094   Section       16  system_stm32f1xx.o(.constdata)
    .constdata                               0x080050a4   Section        8  system_stm32f1xx.o(.constdata)
    .conststring                             0x080050ac   Section       16  freertos.o(.conststring)
    .data                                    0x20000000   Section       30  freertos.o(.data)
    .data                                    0x2000001e   Section        2  stm32f1xx_it.o(.data)
    .data                                    0x20000020   Section        4  lcd.o(.data)
    .data                                    0x20000024   Section       12  zhiwen.o(.data)
    id0                                      0x20000024   Data           1  zhiwen.o(.data)
    id1                                      0x20000025   Data           1  zhiwen.o(.data)
    rcm                                      0x20000026   Data           2  zhiwen.o(.data)
    ret                                      0x20000028   Data           2  zhiwen.o(.data)
    .data                                    0x20000030   Section       12  stm32f1xx_hal.o(.data)
    .data                                    0x2000003c   Section        4  system_stm32f1xx.o(.data)
    .data                                    0x20000040   Section       60  tasks.o(.data)
    uxDeletedTasksWaitingCleanUp             0x20000044   Data           4  tasks.o(.data)
    uxCurrentNumberOfTasks                   0x20000048   Data           4  tasks.o(.data)
    xTickCount                               0x2000004c   Data           4  tasks.o(.data)
    uxTopReadyPriority                       0x20000050   Data           4  tasks.o(.data)
    xSchedulerRunning                        0x20000054   Data           4  tasks.o(.data)
    uxPendedTicks                            0x20000058   Data           4  tasks.o(.data)
    xYieldPending                            0x2000005c   Data           4  tasks.o(.data)
    xNumOfOverflows                          0x20000060   Data           4  tasks.o(.data)
    uxTaskNumber                             0x20000064   Data           4  tasks.o(.data)
    xNextTaskUnblockTime                     0x20000068   Data           4  tasks.o(.data)
    xIdleTaskHandle                          0x2000006c   Data           4  tasks.o(.data)
    uxSchedulerSuspended                     0x20000070   Data           4  tasks.o(.data)
    pxDelayedTaskList                        0x20000074   Data           4  tasks.o(.data)
    pxOverflowDelayedTaskList                0x20000078   Data           4  tasks.o(.data)
    .data                                    0x2000007c   Section       24  heap_4.o(.data)
    pxEnd                                    0x2000007c   Data           4  heap_4.o(.data)
    xFreeBytesRemaining                      0x20000080   Data           4  heap_4.o(.data)
    xMinimumEverFreeBytesRemaining           0x20000084   Data           4  heap_4.o(.data)
    xBlockAllocatedBit                       0x20000088   Data           4  heap_4.o(.data)
    xStart                                   0x2000008c   Data           8  heap_4.o(.data)
    .data                                    0x20000094   Section       12  port.o(.data)
    ucMaxSysCallPriority                     0x20000094   Data           1  port.o(.data)
    uxCriticalNesting                        0x20000098   Data           4  port.o(.data)
    ulMaxPRIGROUPValue                       0x2000009c   Data           4  port.o(.data)
    .bss                                     0x200000a0   Section      200  usart.o(.bss)
    .bss                                     0x20000168   Section       28  stm32f1xx_it.o(.bss)
    .bss                                     0x20000184   Section       14  lcd.o(.bss)
    .bss                                     0x20000192   Section       30  zhiwen.o(.bss)
    ReadBuffer                               0x20000192   Data          14  zhiwen.o(.bss)
    WriteBuffer                              0x200001a0   Data          16  zhiwen.o(.bss)
    .bss                                     0x200001b0   Section      240  tasks.o(.bss)
    pxReadyTasksLists                        0x200001b0   Data         140  tasks.o(.bss)
    xDelayedTaskList1                        0x2000023c   Data          20  tasks.o(.bss)
    xDelayedTaskList2                        0x20000250   Data          20  tasks.o(.bss)
    xPendingReadyList                        0x20000264   Data          20  tasks.o(.bss)
    xTasksWaitingTermination                 0x20000278   Data          20  tasks.o(.bss)
    xSuspendedTaskList                       0x2000028c   Data          20  tasks.o(.bss)
    .bss                                     0x200002a0   Section     3072  heap_4.o(.bss)
    ucHeap                                   0x200002a0   Data        3072  heap_4.o(.bss)
    STACK                                    0x20000ea0   Section     2048  startup_stm32f103xe.o(STACK)

    Global Symbols

    Symbol Name                              Value     Ov Type        Size  Object(Section)

    BuildAttributes$$THM_ISAv4$P$D$K$B$S$PE$A:L22UL41UL21$X:L11$S22US41US21$IEEE1$IW$USESV6$~STKCKD$USESV7$~SHL$OSPACE$ROPI$EBA8$MICROLIB$REQ8$PRES8$EABIv2 0x00000000   Number         0  anon$$obj.o ABSOLUTE
    __ARM_use_no_argv                        0x00000000   Number         0  main.o ABSOLUTE
    _printf_a                                0x00000000   Number         0  stubs.o ABSOLUTE
    _printf_c                                0x00000000   Number         0  stubs.o ABSOLUTE
    _printf_charcount                        0x00000000   Number         0  stubs.o ABSOLUTE
    _printf_d                                0x00000000   Number         0  stubs.o ABSOLUTE
    _printf_e                                0x00000000   Number         0  stubs.o ABSOLUTE
    _printf_f                                0x00000000   Number         0  stubs.o ABSOLUTE
    _printf_flags                            0x00000000   Number         0  stubs.o ABSOLUTE
    _printf_fp_dec                           0x00000000   Number         0  stubs.o ABSOLUTE
    _printf_fp_hex                           0x00000000   Number         0  stubs.o ABSOLUTE
    _printf_g                                0x00000000   Number         0  stubs.o ABSOLUTE
    _printf_i                                0x00000000   Number         0  stubs.o ABSOLUTE
    _printf_int_dec                          0x00000000   Number         0  stubs.o ABSOLUTE
    _printf_l                                0x00000000   Number         0  stubs.o ABSOLUTE
    _printf_lc                               0x00000000   Number         0  stubs.o ABSOLUTE
    _printf_ll                               0x00000000   Number         0  stubs.o ABSOLUTE
    _printf_lld                              0x00000000   Number         0  stubs.o ABSOLUTE
    _printf_lli                              0x00000000   Number         0  stubs.o ABSOLUTE
    _printf_llo                              0x00000000   Number         0  stubs.o ABSOLUTE
    _printf_llu                              0x00000000   Number         0  stubs.o ABSOLUTE
    _printf_llx                              0x00000000   Number         0  stubs.o ABSOLUTE
    _printf_longlong_dec                     0x00000000   Number         0  stubs.o ABSOLUTE
    _printf_longlong_hex                     0x00000000   Number         0  stubs.o ABSOLUTE
    _printf_longlong_oct                     0x00000000   Number         0  stubs.o ABSOLUTE
    _printf_ls                               0x00000000   Number         0  stubs.o ABSOLUTE
    _printf_mbtowc                           0x00000000   Number         0  stubs.o ABSOLUTE
    _printf_n                                0x00000000   Number         0  stubs.o ABSOLUTE
    _printf_o                                0x00000000   Number         0  stubs.o ABSOLUTE
    _printf_p                                0x00000000   Number         0  stubs.o ABSOLUTE
    _printf_percent                          0x00000000   Number         0  stubs.o ABSOLUTE
    _printf_pre_padding                      0x00000000   Number         0  stubs.o ABSOLUTE
    _printf_return_value                     0x00000000   Number         0  stubs.o ABSOLUTE
    _printf_s                                0x00000000   Number         0  stubs.o ABSOLUTE
    _printf_sizespec                         0x00000000   Number         0  stubs.o ABSOLUTE
    _printf_str                              0x00000000   Number         0  stubs.o ABSOLUTE
    _printf_truncate_signed                  0x00000000   Number         0  stubs.o ABSOLUTE
    _printf_truncate_unsigned                0x00000000   Number         0  stubs.o ABSOLUTE
    _printf_u                                0x00000000   Number         0  stubs.o ABSOLUTE
    _printf_wc                               0x00000000   Number         0  stubs.o ABSOLUTE
    _printf_wctomb                           0x00000000   Number         0  stubs.o ABSOLUTE
    _printf_widthprec                        0x00000000   Number         0  stubs.o ABSOLUTE
    _printf_x                                0x00000000   Number         0  stubs.o ABSOLUTE
    __cpp_initialize__aeabi_                  - Undefined Weak Reference
    __cxa_finalize                            - Undefined Weak Reference
    __decompress                              - Undefined Weak Reference
    _clock_init                               - Undefined Weak Reference
    _microlib_exit                            - Undefined Weak Reference
    __Vectors_Size                           0x00000130   Number         0  startup_stm32f103xe.o ABSOLUTE
    __Vectors                                0x08000000   Data           4  startup_stm32f103xe.o(RESET)
    __Vectors_End                            0x08000130   Data           0  startup_stm32f103xe.o(RESET)
    __main                                   0x08000131   Thumb Code     0  entry.o(.ARM.Collect$$$$00000000)
    _main_stk                                0x08000131   Thumb Code     0  entry2.o(.ARM.Collect$$$$00000001)
    _main_scatterload                        0x08000135   Thumb Code     0  entry5.o(.ARM.Collect$$$$00000004)
    __main_after_scatterload                 0x08000139   Thumb Code     0  entry5.o(.ARM.Collect$$$$00000004)
    _main_clock                              0x08000139   Thumb Code     0  entry7b.o(.ARM.Collect$$$$00000008)
    _main_cpp_init                           0x08000139   Thumb Code     0  entry8b.o(.ARM.Collect$$$$0000000A)
    _main_init                               0x08000139   Thumb Code     0  entry9a.o(.ARM.Collect$$$$0000000B)
    __rt_final_cpp                           0x08000141   Thumb Code     0  entry10a.o(.ARM.Collect$$$$0000000D)
    __rt_final_exit                          0x08000141   Thumb Code     0  entry11a.o(.ARM.Collect$$$$0000000F)
    SVC_Handler                              0x08000145   Thumb Code    32  port.o(.emb_text)
    __asm___6_port_c_39a90d8d__prvStartFirstTask 0x08000169   Thumb Code    28  port.o(.emb_text)
    PendSV_Handler                           0x08000189   Thumb Code    72  port.o(.emb_text)
    vPortGetIPSR                             0x080001d5   Thumb Code     6  port.o(.emb_text)
    Reset_Handler                            0x080001dd   Thumb Code     8  startup_stm32f103xe.o(.text)
    ADC1_2_IRQHandler                        0x080001f7   Thumb Code     0  startup_stm32f103xe.o(.text)
    ADC3_IRQHandler                          0x080001f7   Thumb Code     0  startup_stm32f103xe.o(.text)
    CAN1_RX1_IRQHandler                      0x080001f7   Thumb Code     0  startup_stm32f103xe.o(.text)
    CAN1_SCE_IRQHandler                      0x080001f7   Thumb Code     0  startup_stm32f103xe.o(.text)
    DMA1_Channel1_IRQHandler                 0x080001f7   Thumb Code     0  startup_stm32f103xe.o(.text)
    DMA1_Channel2_IRQHandler                 0x080001f7   Thumb Code     0  startup_stm32f103xe.o(.text)
    DMA1_Channel3_IRQHandler                 0x080001f7   Thumb Code     0  startup_stm32f103xe.o(.text)
    DMA1_Channel6_IRQHandler                 0x080001f7   Thumb Code     0  startup_stm32f103xe.o(.text)
    DMA1_Channel7_IRQHandler                 0x080001f7   Thumb Code     0  startup_stm32f103xe.o(.text)
    DMA2_Channel1_IRQHandler                 0x080001f7   Thumb Code     0  startup_stm32f103xe.o(.text)
    DMA2_Channel2_IRQHandler                 0x080001f7   Thumb Code     0  startup_stm32f103xe.o(.text)
    DMA2_Channel3_IRQHandler                 0x080001f7   Thumb Code     0  startup_stm32f103xe.o(.text)
    DMA2_Channel4_5_IRQHandler               0x080001f7   Thumb Code     0  startup_stm32f103xe.o(.text)
    EXTI0_IRQHandler                         0x080001f7   Thumb Code     0  startup_stm32f103xe.o(.text)
    EXTI1_IRQHandler                         0x080001f7   Thumb Code     0  startup_stm32f103xe.o(.text)
    EXTI2_IRQHandler                         0x080001f7   Thumb Code     0  startup_stm32f103xe.o(.text)
    EXTI3_IRQHandler                         0x080001f7   Thumb Code     0  startup_stm32f103xe.o(.text)
    EXTI4_IRQHandler                         0x080001f7   Thumb Code     0  startup_stm32f103xe.o(.text)
    EXTI9_5_IRQHandler                       0x080001f7   Thumb Code     0  startup_stm32f103xe.o(.text)
    FLASH_IRQHandler                         0x080001f7   Thumb Code     0  startup_stm32f103xe.o(.text)
    FSMC_IRQHandler                          0x080001f7   Thumb Code     0  startup_stm32f103xe.o(.text)
    I2C1_ER_IRQHandler                       0x080001f7   Thumb Code     0  startup_stm32f103xe.o(.text)
    I2C1_EV_IRQHandler                       0x080001f7   Thumb Code     0  startup_stm32f103xe.o(.text)
    I2C2_ER_IRQHandler                       0x080001f7   Thumb Code     0  startup_stm32f103xe.o(.text)
    I2C2_EV_IRQHandler                       0x080001f7   Thumb Code     0  startup_stm32f103xe.o(.text)
    PVD_IRQHandler                           0x080001f7   Thumb Code     0  startup_stm32f103xe.o(.text)
    RCC_IRQHandler                           0x080001f7   Thumb Code     0  startup_stm32f103xe.o(.text)
    RTC_Alarm_IRQHandler                     0x080001f7   Thumb Code     0  startup_stm32f103xe.o(.text)
    RTC_IRQHandler                           0x080001f7   Thumb Code     0  startup_stm32f103xe.o(.text)
    SDIO_IRQHandler                          0x080001f7   Thumb Code     0  startup_stm32f103xe.o(.text)
    SPI1_IRQHandler                          0x080001f7   Thumb Code     0  startup_stm32f103xe.o(.text)
    SPI2_IRQHandler                          0x080001f7   Thumb Code     0  startup_stm32f103xe.o(.text)
    SPI3_IRQHandler                          0x080001f7   Thumb Code     0  startup_stm32f103xe.o(.text)
    TAMPER_IRQHandler                        0x080001f7   Thumb Code     0  startup_stm32f103xe.o(.text)
    TIM1_BRK_IRQHandler                      0x080001f7   Thumb Code     0  startup_stm32f103xe.o(.text)
    TIM1_CC_IRQHandler                       0x080001f7   Thumb Code     0  startup_stm32f103xe.o(.text)
    TIM1_TRG_COM_IRQHandler                  0x080001f7   Thumb Code     0  startup_stm32f103xe.o(.text)
    TIM1_UP_IRQHandler                       0x080001f7   Thumb Code     0  startup_stm32f103xe.o(.text)
    TIM2_IRQHandler                          0x080001f7   Thumb Code     0  startup_stm32f103xe.o(.text)
    TIM3_IRQHandler                          0x080001f7   Thumb Code     0  startup_stm32f103xe.o(.text)
    TIM4_IRQHandler                          0x080001f7   Thumb Code     0  startup_stm32f103xe.o(.text)
    TIM5_IRQHandler                          0x080001f7   Thumb Code     0  startup_stm32f103xe.o(.text)
    TIM6_IRQHandler                          0x080001f7   Thumb Code     0  startup_stm32f103xe.o(.text)
    TIM7_IRQHandler                          0x080001f7   Thumb Code     0  startup_stm32f103xe.o(.text)
    TIM8_BRK_IRQHandler                      0x080001f7   Thumb Code     0  startup_stm32f103xe.o(.text)
    TIM8_CC_IRQHandler                       0x080001f7   Thumb Code     0  startup_stm32f103xe.o(.text)
    TIM8_TRG_COM_IRQHandler                  0x080001f7   Thumb Code     0  startup_stm32f103xe.o(.text)
    TIM8_UP_IRQHandler                       0x080001f7   Thumb Code     0  startup_stm32f103xe.o(.text)
    UART4_IRQHandler                         0x080001f7   Thumb Code     0  startup_stm32f103xe.o(.text)
    UART5_IRQHandler                         0x080001f7   Thumb Code     0  startup_stm32f103xe.o(.text)
    USART2_IRQHandler                        0x080001f7   Thumb Code     0  startup_stm32f103xe.o(.text)
    USART3_IRQHandler                        0x080001f7   Thumb Code     0  startup_stm32f103xe.o(.text)
    USBWakeUp_IRQHandler                     0x080001f7   Thumb Code     0  startup_stm32f103xe.o(.text)
    USB_HP_CAN1_TX_IRQHandler                0x080001f7   Thumb Code     0  startup_stm32f103xe.o(.text)
    USB_LP_CAN1_RX0_IRQHandler               0x080001f7   Thumb Code     0  startup_stm32f103xe.o(.text)
    WWDG_IRQHandler                          0x080001f7   Thumb Code     0  startup_stm32f103xe.o(.text)
    __aeabi_memcpy                           0x08000201   Thumb Code    36  memcpya.o(.text)
    __aeabi_memcpy4                          0x08000201   Thumb Code     0  memcpya.o(.text)
    __aeabi_memcpy8                          0x08000201   Thumb Code     0  memcpya.o(.text)
    __aeabi_memset                           0x08000225   Thumb Code    14  memseta.o(.text)
    __aeabi_memset4                          0x08000225   Thumb Code     0  memseta.o(.text)
    __aeabi_memset8                          0x08000225   Thumb Code     0  memseta.o(.text)
    __aeabi_memclr                           0x08000233   Thumb Code     4  memseta.o(.text)
    __aeabi_memclr4                          0x08000233   Thumb Code     0  memseta.o(.text)
    __aeabi_memclr8                          0x08000233   Thumb Code     0  memseta.o(.text)
    _memset$wrapper                          0x08000237   Thumb Code    18  memseta.o(.text)
    __scatterload                            0x08000249   Thumb Code    28  init.o(.text)
    __scatterload_rt2                        0x08000249   Thumb Code     0  init.o(.text)
    BusFault_Handler                         0x0800026d   Thumb Code     2  stm32f1xx_it.o(i.BusFault_Handler)
    Command_packet                           0x08000271   Thumb Code   118  zhiwen.o(i.Command_packet)
    DMA1_Channel4_IRQHandler                 0x080002ed   Thumb Code     6  stm32f1xx_it.o(i.DMA1_Channel4_IRQHandler)
    DMA1_Channel5_IRQHandler                 0x080002f9   Thumb Code     6  stm32f1xx_it.o(i.DMA1_Channel5_IRQHandler)
    DebugMon_Handler                         0x0800032f   Thumb Code     2  stm32f1xx_it.o(i.DebugMon_Handler)
    EXTI15_10_IRQHandler                     0x08000331   Thumb Code     8  stm32f1xx_it.o(i.EXTI15_10_IRQHandler)
    Error_Handler                            0x08000339   Thumb Code     2  main.o(i.Error_Handler)
    HAL_DMA_Abort                            0x0800033b   Thumb Code    48  stm32f1xx_hal_dma.o(i.HAL_DMA_Abort)
    HAL_DMA_Abort_IT                         0x0800036d   Thumb Code   296  stm32f1xx_hal_dma.o(i.HAL_DMA_Abort_IT)
    HAL_DMA_IRQHandler                       0x0800049d   Thumb Code   552  stm32f1xx_hal_dma.o(i.HAL_DMA_IRQHandler)
    HAL_DMA_Init                             0x080006e5   Thumb Code   112  stm32f1xx_hal_dma.o(i.HAL_DMA_Init)
    HAL_DMA_Start_IT                         0x08000761   Thumb Code   112  stm32f1xx_hal_dma.o(i.HAL_DMA_Start_IT)
    HAL_Delay                                0x080007d1   Thumb Code    32  stm32f1xx_hal.o(i.HAL_Delay)
    HAL_GPIO_EXTI_Callback                   0x080007f5   Thumb Code     2  stm32f1xx_hal_gpio.o(i.HAL_GPIO_EXTI_Callback)
    HAL_GPIO_EXTI_IRQHandler                 0x080007f9   Thumb Code    18  stm32f1xx_hal_gpio.o(i.HAL_GPIO_EXTI_IRQHandler)
    HAL_GPIO_Init                            0x08000811   Thumb Code   446  stm32f1xx_hal_gpio.o(i.HAL_GPIO_Init)
    HAL_GPIO_ReadPin                         0x080009f9   Thumb Code    10  stm32f1xx_hal_gpio.o(i.HAL_GPIO_ReadPin)
    HAL_GPIO_WritePin                        0x08000a03   Thumb Code    10  stm32f1xx_hal_gpio.o(i.HAL_GPIO_WritePin)
    HAL_GetTick                              0x08000a0d   Thumb Code     6  stm32f1xx_hal.o(i.HAL_GetTick)
    HAL_IncTick                              0x08000a19   Thumb Code    12  stm32f1xx_hal.o(i.HAL_IncTick)
    HAL_Init                                 0x08000a29   Thumb Code    32  stm32f1xx_hal.o(i.HAL_Init)
    HAL_InitTick                             0x08000a4d   Thumb Code    54  stm32f1xx_hal.o(i.HAL_InitTick)
    HAL_MspInit                              0x08000a8d   Thumb Code    62  stm32f1xx_hal_msp.o(i.HAL_MspInit)
    HAL_NVIC_EnableIRQ                       0x08000ad5   Thumb Code    22  stm32f1xx_hal_cortex.o(i.HAL_NVIC_EnableIRQ)
    HAL_NVIC_SetPriority                     0x08000aed   Thumb Code    60  stm32f1xx_hal_cortex.o(i.HAL_NVIC_SetPriority)
    HAL_NVIC_SetPriorityGrouping             0x08000b2d   Thumb Code    26  stm32f1xx_hal_cortex.o(i.HAL_NVIC_SetPriorityGrouping)
    HAL_RCC_ClockConfig                      0x08000b51   Thumb Code   346  stm32f1xx_hal_rcc.o(i.HAL_RCC_ClockConfig)
    HAL_RCC_GetPCLK1Freq                     0x08000cbd   Thumb Code    20  stm32f1xx_hal_rcc.o(i.HAL_RCC_GetPCLK1Freq)
    HAL_RCC_GetPCLK2Freq                     0x08000cdd   Thumb Code    20  stm32f1xx_hal_rcc.o(i.HAL_RCC_GetPCLK2Freq)
    HAL_RCC_GetSysClockFreq                  0x08000cfd   Thumb Code    74  stm32f1xx_hal_rcc.o(i.HAL_RCC_GetSysClockFreq)
    HAL_RCC_OscConfig                        0x08000d69   Thumb Code   750  stm32f1xx_hal_rcc.o(i.HAL_RCC_OscConfig)
    HAL_SYSTICK_Config                       0x0800106d   Thumb Code    40  stm32f1xx_hal_cortex.o(i.HAL_SYSTICK_Config)
    HAL_UART_DMAStop                         0x08001095   Thumb Code    88  stm32f1xx_hal_uart.o(i.HAL_UART_DMAStop)
    HAL_UART_ErrorCallback                   0x080010ed   Thumb Code     2  stm32f1xx_hal_uart.o(i.HAL_UART_ErrorCallback)
    HAL_UART_IRQHandler                      0x080010f1   Thumb Code   266  stm32f1xx_hal_uart.o(i.HAL_UART_IRQHandler)
    HAL_UART_Init                            0x08001201   Thumb Code    98  stm32f1xx_hal_uart.o(i.HAL_UART_Init)
    HAL_UART_MspInit                         0x08001265   Thumb Code   210  usart.o(i.HAL_UART_MspInit)
    HAL_UART_Receive_DMA                     0x0800134d   Thumb Code   138  stm32f1xx_hal_uart.o(i.HAL_UART_Receive_DMA)
    HAL_UART_RxCpltCallback                  0x080013e5   Thumb Code     2  stm32f1xx_hal_uart.o(i.HAL_UART_RxCpltCallback)
    HAL_UART_RxHalfCpltCallback              0x080013e7   Thumb Code     2  stm32f1xx_hal_uart.o(i.HAL_UART_RxHalfCpltCallback)
    HAL_UART_Transmit                        0x080013e9   Thumb Code   186  stm32f1xx_hal_uart.o(i.HAL_UART_Transmit)
    HAL_UART_TxCpltCallback                  0x080014a3   Thumb Code     2  stm32f1xx_hal_uart.o(i.HAL_UART_TxCpltCallback)
    HardFault_Handler                        0x080014a5   Thumb Code     2  stm32f1xx_it.o(i.HardFault_Handler)
    LCD_Clear                                0x080014a9   Thumb Code    64  lcd.o(i.LCD_Clear)
    LCD_Display_Dir                          0x080014f5   Thumb Code    50  lcd.o(i.LCD_Display_Dir)
    LCD_Fast_DrawPoint                       0x0800152d   Thumb Code   152  lcd.o(i.LCD_Fast_DrawPoint)
    LCD_Fill                                 0x080015d1   Thumb Code    96  lcd.o(i.LCD_Fill)
    LCD_Init                                 0x08001639   Thumb Code   874  lcd.o(i.LCD_Init)
    LCD_Pow                                  0x080019ad   Thumb Code    16  lcd.o(i.LCD_Pow)
    LCD_RD_DATA                              0x080019bd   Thumb Code    62  lcd.o(i.LCD_RD_DATA)
    LCD_ReadReg                              0x08001a05   Thumb Code    14  lcd.o(i.LCD_ReadReg)
    LCD_Scan_Dir                             0x08001a15   Thumb Code   228  lcd.o(i.LCD_Scan_Dir)
    LCD_SetCursor                            0x08001b05   Thumb Code   118  lcd.o(i.LCD_SetCursor)
    LCD_ShowChar                             0x08001b89   Thumb Code   190  lcd.o(i.LCD_ShowChar)
    LCD_ShowNum                              0x08001c5d   Thumb Code   118  lcd.o(i.LCD_ShowNum)
    LCD_ShowString                           0x08001cd3   Thumb Code    84  lcd.o(i.LCD_ShowString)
    LCD_WR_DATAX                             0x08001d29   Thumb Code    26  lcd.o(i.LCD_WR_DATAX)
    LCD_WR_REG                               0x08001d4d   Thumb Code    26  lcd.o(i.LCD_WR_REG)
    LCD_WriteRAM_Prepare                     0x08001d71   Thumb Code     8  lcd.o(i.LCD_WriteRAM_Prepare)
    LCD_WriteReg                             0x08001d7d   Thumb Code    34  lcd.o(i.LCD_WriteReg)
    MX_DMA_Init                              0x08001da9   Thumb Code    56  dma.o(i.MX_DMA_Init)
    MX_FREERTOS_Init                         0x08001de5   Thumb Code    52  freertos.o(i.MX_FREERTOS_Init)
    MX_GPIO_Init                             0x08001e21   Thumb Code   314  gpio.o(i.MX_GPIO_Init)
    MX_USART1_UART_Init                      0x08001f75   Thumb Code    54  usart.o(i.MX_USART1_UART_Init)
    MemManage_Handler                        0x08001fb5   Thumb Code     2  stm32f1xx_it.o(i.MemManage_Handler)
    NMI_Handler                              0x08001fb7   Thumb Code     2  stm32f1xx_it.o(i.NMI_Handler)
    RX_packet                                0x08001fd9   Thumb Code    56  zhiwen.o(i.RX_packet)
    Response_Data_Packet                     0x08002015   Thumb Code    48  zhiwen.o(i.Response_Data_Packet)
    Response_packet                          0x08002045   Thumb Code    40  zhiwen.o(i.Response_packet)
    StartDefaultTask                         0x0800206d   Thumb Code   292  freertos.o(i.StartDefaultTask)
    SysTick_Handler                          0x080021f1   Thumb Code    14  stm32f1xx_it.o(i.SysTick_Handler)
    SystemClock_Config                       0x080021ff   Thumb Code    78  main.o(i.SystemClock_Config)
    SystemInit                               0x0800224d   Thumb Code    56  system_stm32f1xx.o(i.SystemInit)
    USART1_IRQHandler                        0x08002631   Thumb Code    70  stm32f1xx_it.o(i.USART1_IRQHandler)
    UsageFault_Handler                       0x0800268d   Thumb Code     2  stm32f1xx_it.o(i.UsageFault_Handler)
    __scatterload_copy                       0x0800268f   Thumb Code    14  handlers.o(i.__scatterload_copy)
    __scatterload_null                       0x0800269d   Thumb Code     2  handlers.o(i.__scatterload_null)
    __scatterload_zeroinit                   0x0800269f   Thumb Code    14  handlers.o(i.__scatterload_zeroinit)
    caiji                                    0x080026ad   Thumb Code   176  zhiwen.o(i.caiji)
    cancel                                   0x0800278d   Thumb Code    24  zhiwen.o(i.cancel)
    imagebuffer                              0x080027a9   Thumb Code   170  zhiwen.o(i.imagebuffer)
    jiance                                   0x08002879   Thumb Code   224  zhiwen.o(i.jiance)
    key_scan                                 0x0800297d   Thumb Code    90  freertos.o(i.key_scan)
    luru                                     0x080029e9   Thumb Code   186  zhiwen.o(i.luru)
    main                                     0x08002ac9   Thumb Code    44  main.o(i.main)
    merge                                    0x08002b09   Thumb Code   178  zhiwen.o(i.merge)
    osKernelStart                            0x08002be1   Thumb Code    10  cmsis_os.o(i.osKernelStart)
    osSystickHandler                         0x08002beb   Thumb Code    20  cmsis_os.o(i.osSystickHandler)
    osThreadCreate                           0x08002bff   Thumb Code    46  cmsis_os.o(i.osThreadCreate)
    pvPortMalloc                             0x08002ef9   Thumb Code   210  heap_4.o(i.pvPortMalloc)
    pxPortInitialiseStack                    0x08002fd1   Thumb Code    32  port.o(i.pxPortInitialiseStack)
    shibie                                   0x08002ff5   Thumb Code   648  zhiwen.o(i.shibie)
    uxListRemove                             0x08003301   Thumb Code    36  list.o(i.uxListRemove)
    vListInitialise                          0x08003325   Thumb Code    22  list.o(i.vListInitialise)
    vListInitialiseItem                      0x0800333b   Thumb Code     6  list.o(i.vListInitialiseItem)
    vListInsertEnd                           0x08003341   Thumb Code    24  list.o(i.vListInsertEnd)
    vPortEnterCritical                       0x08003359   Thumb Code    54  port.o(i.vPortEnterCritical)
    vPortExitCritical                        0x08003399   Thumb Code    34  port.o(i.vPortExitCritical)
    vPortFree                                0x080033c1   Thumb Code    88  heap_4.o(i.vPortFree)
    vPortSetupTimerInterrupt                 0x0800341d   Thumb Code    26  port.o(i.vPortSetupTimerInterrupt)
    vTaskStartScheduler                      0x0800343d   Thumb Code    86  tasks.o(i.vTaskStartScheduler)
    vTaskSuspendAll                          0x080034a5   Thumb Code    10  tasks.o(i.vTaskSuspendAll)
    vTaskSwitchContext                       0x080034b5   Thumb Code    82  tasks.o(i.vTaskSwitchContext)
    xPortStartScheduler                      0x08003511   Thumb Code   102  port.o(i.xPortStartScheduler)
    xPortSysTickHandler                      0x08003585   Thumb Code    38  port.o(i.xPortSysTickHandler)
    xTaskCreate                              0x080035b1   Thumb Code    86  tasks.o(i.xTaskCreate)
    xTaskGetSchedulerState                   0x08003609   Thumb Code    22  tasks.o(i.xTaskGetSchedulerState)
    xTaskIncrementTick                       0x08003625   Thumb Code   192  tasks.o(i.xTaskIncrementTick)
    xTaskResumeAll                           0x080036ed   Thumb Code   182  tasks.o(i.xTaskResumeAll)
    zhiwen_init                              0x080037b1   Thumb Code   208  zhiwen.o(i.zhiwen_init)
    asc2_1206                                0x080038d4   Data        1140  lcd.o(.constdata)
    asc2_1608                                0x08003d48   Data        1520  lcd.o(.constdata)
    asc2_2412                                0x08004338   Data        3420  lcd.o(.constdata)
    AHBPrescTable                            0x08005094   Data          16  system_stm32f1xx.o(.constdata)
    APBPrescTable                            0x080050a4   Data           8  system_stm32f1xx.o(.constdata)
    Region$$Table$$Base                      0x080050bc   Number         0  anon$$obj.o(Region$$Table)
    Region$$Table$$Limit                     0x080050dc   Number         0  anon$$obj.o(Region$$Table)
    res                                      0x20000000   Data           1  freertos.o(.data)
    key0                                     0x20000001   Data           1  freertos.o(.data)
    key1                                     0x20000002   Data           1  freertos.o(.data)
    wk_up                                    0x20000003   Data           1  freertos.o(.data)
    Br                                       0x20000004   Data           4  freertos.o(.data)
    Bw                                       0x20000008   Data           4  freertos.o(.data)
    defaultTaskHandle                        0x2000000c   Data           4  freertos.o(.data)
    keyTaskHandle                            0x20000010   Data           4  freertos.o(.data)
    testBuffer                               0x20000014   Data          10  freertos.o(.data)
    rx_len                                   0x2000001e   Data           1  stm32f1xx_it.o(.data)
    recv_end_flag                            0x2000001f   Data           1  stm32f1xx_it.o(.data)
    POINT_COLOR                              0x20000020   Data           2  lcd.o(.data)
    BACK_COLOR                               0x20000022   Data           2  lcd.o(.data)
    i                                        0x2000002c   Data           4  zhiwen.o(.data)
    uwTickFreq                               0x20000030   Data           1  stm32f1xx_hal.o(.data)
    uwTickPrio                               0x20000034   Data           4  stm32f1xx_hal.o(.data)
    uwTick                                   0x20000038   Data           4  stm32f1xx_hal.o(.data)
    SystemCoreClock                          0x2000003c   Data           4  system_stm32f1xx.o(.data)
    pxCurrentTCB                             0x20000040   Data           4  tasks.o(.data)
    huart1                                   0x200000a0   Data          64  usart.o(.bss)
    hdma_usart1_rx                           0x200000e0   Data          68  usart.o(.bss)
    hdma_usart1_tx                           0x20000124   Data          68  usart.o(.bss)
    rx_buffer                                0x20000168   Data          28  stm32f1xx_it.o(.bss)
    lcddev                                   0x20000184   Data          14  lcd.o(.bss)
    __initial_sp                             0x200016a0   Data           0  startup_stm32f103xe.o(STACK)



==============================================================================

Memory Map of the image

  Image Entry point : 0x08000131

  Load Region LR_IROM1 (Base: 0x08000000, Size: 0x0000517c, Max: 0x00040000, ABSOLUTE)

    Execution Region ER_IROM1 (Exec base: 0x08000000, Load base: 0x08000000, Size: 0x000050dc, Max: 0x00040000, ABSOLUTE)

    Exec Addr    Load Addr    Size         Type   Attr      Idx    E Section Name        Object

    0x08000000   0x08000000   0x00000130   Data   RO            3    RESET               startup_stm32f103xe.o
    0x08000130   0x08000130   0x00000000   Code   RO         4682  * .ARM.Collect$$$$00000000  mc_w.l(entry.o)
    0x08000130   0x08000130   0x00000004   Code   RO         4960    .ARM.Collect$$$$00000001  mc_w.l(entry2.o)
    0x08000134   0x08000134   0x00000004   Code   RO         4963    .ARM.Collect$$$$00000004  mc_w.l(entry5.o)
    0x08000138   0x08000138   0x00000000   Code   RO         4965    .ARM.Collect$$$$00000008  mc_w.l(entry7b.o)
    0x08000138   0x08000138   0x00000000   Code   RO         4967    .ARM.Collect$$$$0000000A  mc_w.l(entry8b.o)
    0x08000138   0x08000138   0x00000008   Code   RO         4968    .ARM.Collect$$$$0000000B  mc_w.l(entry9a.o)
    0x08000140   0x08000140   0x00000000   Code   RO         4970    .ARM.Collect$$$$0000000D  mc_w.l(entry10a.o)
    0x08000140   0x08000140   0x00000000   Code   RO         4972    .ARM.Collect$$$$0000000F  mc_w.l(entry11a.o)
    0x08000140   0x08000140   0x00000004   Code   RO         4961    .ARM.Collect$$$$00002712  mc_w.l(entry2.o)
    0x08000144   0x08000144   0x00000096   Code   RO         4605    .emb_text           port.o
    0x080001da   0x080001da   0x00000002   PAD
    0x080001dc   0x080001dc   0x00000024   Code   RO            4    .text               startup_stm32f103xe.o
    0x08000200   0x08000200   0x00000024   Code   RO         4687    .text               mc_w.l(memcpya.o)
    0x08000224   0x08000224   0x00000024   Code   RO         4689    .text               mc_w.l(memseta.o)
    0x08000248   0x08000248   0x00000024   Code   RO         4990    .text               mc_w.l(init.o)
    0x0800026c   0x0800026c   0x00000002   Code   RO          457    i.BusFault_Handler  stm32f1xx_it.o
    0x0800026e   0x0800026e   0x00000002   PAD
    0x08000270   0x08000270   0x0000007c   Code   RO         1162    i.Command_packet    zhiwen.o
    0x080002ec   0x080002ec   0x0000000c   Code   RO          458    i.DMA1_Channel4_IRQHandler  stm32f1xx_it.o
    0x080002f8   0x080002f8   0x0000000c   Code   RO          459    i.DMA1_Channel5_IRQHandler  stm32f1xx_it.o
    0x08000304   0x08000304   0x0000002a   Code   RO         2512    i.DMA_SetConfig     stm32f1xx_hal_dma.o
    0x0800032e   0x0800032e   0x00000002   Code   RO          460    i.DebugMon_Handler  stm32f1xx_it.o
    0x08000330   0x08000330   0x00000008   Code   RO          461    i.EXTI15_10_IRQHandler  stm32f1xx_it.o
    0x08000338   0x08000338   0x00000002   Code   RO           13    i.Error_Handler     main.o
    0x0800033a   0x0800033a   0x00000030   Code   RO         2513    i.HAL_DMA_Abort     stm32f1xx_hal_dma.o
    0x0800036a   0x0800036a   0x00000002   PAD
    0x0800036c   0x0800036c   0x00000130   Code   RO         2514    i.HAL_DMA_Abort_IT  stm32f1xx_hal_dma.o
    0x0800049c   0x0800049c   0x00000248   Code   RO         2518    i.HAL_DMA_IRQHandler  stm32f1xx_hal_dma.o
    0x080006e4   0x080006e4   0x0000007c   Code   RO         2519    i.HAL_DMA_Init      stm32f1xx_hal_dma.o
    0x08000760   0x08000760   0x00000070   Code   RO         2523    i.HAL_DMA_Start_IT  stm32f1xx_hal_dma.o
    0x080007d0   0x080007d0   0x00000024   Code   RO         2153    i.HAL_Delay         stm32f1xx_hal.o
    0x080007f4   0x080007f4   0x00000002   Code   RO         2447    i.HAL_GPIO_EXTI_Callback  stm32f1xx_hal_gpio.o
    0x080007f6   0x080007f6   0x00000002   PAD
    0x080007f8   0x080007f8   0x00000018   Code   RO         2448    i.HAL_GPIO_EXTI_IRQHandler  stm32f1xx_hal_gpio.o
    0x08000810   0x08000810   0x000001e8   Code   RO         2449    i.HAL_GPIO_Init     stm32f1xx_hal_gpio.o
    0x080009f8   0x080009f8   0x0000000a   Code   RO         2451    i.HAL_GPIO_ReadPin  stm32f1xx_hal_gpio.o
    0x08000a02   0x08000a02   0x0000000a   Code   RO         2453    i.HAL_GPIO_WritePin  stm32f1xx_hal_gpio.o
    0x08000a0c   0x08000a0c   0x0000000c   Code   RO         2157    i.HAL_GetTick       stm32f1xx_hal.o
    0x08000a18   0x08000a18   0x00000010   Code   RO         2161    i.HAL_IncTick       stm32f1xx_hal.o
    0x08000a28   0x08000a28   0x00000024   Code   RO         2162    i.HAL_Init          stm32f1xx_hal.o
    0x08000a4c   0x08000a4c   0x00000040   Code   RO         2163    i.HAL_InitTick      stm32f1xx_hal.o
    0x08000a8c   0x08000a8c   0x00000048   Code   RO          555    i.HAL_MspInit       stm32f1xx_hal_msp.o
    0x08000ad4   0x08000ad4   0x00000016   Code   RO         2609    i.HAL_NVIC_EnableIRQ  stm32f1xx_hal_cortex.o
    0x08000aea   0x08000aea   0x00000002   PAD
    0x08000aec   0x08000aec   0x00000040   Code   RO         2615    i.HAL_NVIC_SetPriority  stm32f1xx_hal_cortex.o
    0x08000b2c   0x08000b2c   0x00000024   Code   RO         2616    i.HAL_NVIC_SetPriorityGrouping  stm32f1xx_hal_cortex.o
    0x08000b50   0x08000b50   0x0000016c   Code   RO         2309    i.HAL_RCC_ClockConfig  stm32f1xx_hal_rcc.o
    0x08000cbc   0x08000cbc   0x00000020   Code   RO         2316    i.HAL_RCC_GetPCLK1Freq  stm32f1xx_hal_rcc.o
    0x08000cdc   0x08000cdc   0x00000020   Code   RO         2317    i.HAL_RCC_GetPCLK2Freq  stm32f1xx_hal_rcc.o
    0x08000cfc   0x08000cfc   0x0000006c   Code   RO         2318    i.HAL_RCC_GetSysClockFreq  stm32f1xx_hal_rcc.o
    0x08000d68   0x08000d68   0x00000304   Code   RO         2321    i.HAL_RCC_OscConfig  stm32f1xx_hal_rcc.o
    0x0800106c   0x0800106c   0x00000028   Code   RO         2620    i.HAL_SYSTICK_Config  stm32f1xx_hal_cortex.o
    0x08001094   0x08001094   0x00000058   Code   RO         1839    i.HAL_UART_DMAStop  stm32f1xx_hal_uart.o
    0x080010ec   0x080010ec   0x00000002   Code   RO         1841    i.HAL_UART_ErrorCallback  stm32f1xx_hal_uart.o
    0x080010ee   0x080010ee   0x00000002   PAD
    0x080010f0   0x080010f0   0x00000110   Code   RO         1844    i.HAL_UART_IRQHandler  stm32f1xx_hal_uart.o
    0x08001200   0x08001200   0x00000062   Code   RO         1845    i.HAL_UART_Init     stm32f1xx_hal_uart.o
    0x08001262   0x08001262   0x00000002   PAD
    0x08001264   0x08001264   0x000000e8   Code   RO          416    i.HAL_UART_MspInit  usart.o
    0x0800134c   0x0800134c   0x00000098   Code   RO         1849    i.HAL_UART_Receive_DMA  stm32f1xx_hal_uart.o
    0x080013e4   0x080013e4   0x00000002   Code   RO         1851    i.HAL_UART_RxCpltCallback  stm32f1xx_hal_uart.o
    0x080013e6   0x080013e6   0x00000002   Code   RO         1852    i.HAL_UART_RxHalfCpltCallback  stm32f1xx_hal_uart.o
    0x080013e8   0x080013e8   0x000000ba   Code   RO         1853    i.HAL_UART_Transmit  stm32f1xx_hal_uart.o
    0x080014a2   0x080014a2   0x00000002   Code   RO         1856    i.HAL_UART_TxCpltCallback  stm32f1xx_hal_uart.o
    0x080014a4   0x080014a4   0x00000002   Code   RO          462    i.HardFault_Handler  stm32f1xx_it.o
    0x080014a6   0x080014a6   0x00000002   PAD
    0x080014a8   0x080014a8   0x0000004c   Code   RO          646    i.LCD_Clear         lcd.o
    0x080014f4   0x080014f4   0x00000038   Code   RO          650    i.LCD_Display_Dir   lcd.o
    0x0800152c   0x0800152c   0x000000a4   Code   RO          655    i.LCD_Fast_DrawPoint  lcd.o
    0x080015d0   0x080015d0   0x00000068   Code   RO          656    i.LCD_Fill          lcd.o
    0x08001638   0x08001638   0x00000374   Code   RO          657    i.LCD_Init          lcd.o
    0x080019ac   0x080019ac   0x00000010   Code   RO          658    i.LCD_Pow           lcd.o
    0x080019bc   0x080019bc   0x00000048   Code   RO          659    i.LCD_RD_DATA       lcd.o
    0x08001a04   0x08001a04   0x0000000e   Code   RO          661    i.LCD_ReadReg       lcd.o
    0x08001a12   0x08001a12   0x00000002   PAD
    0x08001a14   0x08001a14   0x000000f0   Code   RO          663    i.LCD_Scan_Dir      lcd.o
    0x08001b04   0x08001b04   0x00000084   Code   RO          664    i.LCD_SetCursor     lcd.o
    0x08001b88   0x08001b88   0x000000d4   Code   RO          666    i.LCD_ShowChar      lcd.o
    0x08001c5c   0x08001c5c   0x00000076   Code   RO          667    i.LCD_ShowNum       lcd.o
    0x08001cd2   0x08001cd2   0x00000054   Code   RO          668    i.LCD_ShowString    lcd.o
    0x08001d26   0x08001d26   0x00000002   PAD
    0x08001d28   0x08001d28   0x00000024   Code   RO          670    i.LCD_WR_DATAX      lcd.o
    0x08001d4c   0x08001d4c   0x00000024   Code   RO          671    i.LCD_WR_REG        lcd.o
    0x08001d70   0x08001d70   0x0000000c   Code   RO          673    i.LCD_WriteRAM_Prepare  lcd.o
    0x08001d7c   0x08001d7c   0x0000002c   Code   RO          674    i.LCD_WriteReg      lcd.o
    0x08001da8   0x08001da8   0x0000003c   Code   RO         1272    i.MX_DMA_Init       dma.o
    0x08001de4   0x08001de4   0x0000003c   Code   RO          255    i.MX_FREERTOS_Init  freertos.o
    0x08001e20   0x08001e20   0x00000154   Code   RO          231    i.MX_GPIO_Init      gpio.o
    0x08001f74   0x08001f74   0x00000040   Code   RO          417    i.MX_USART1_UART_Init  usart.o
    0x08001fb4   0x08001fb4   0x00000002   Code   RO          463    i.MemManage_Handler  stm32f1xx_it.o
    0x08001fb6   0x08001fb6   0x00000002   Code   RO          464    i.NMI_Handler       stm32f1xx_it.o
    0x08001fb8   0x08001fb8   0x00000020   Code   RO         2622    i.NVIC_SetPriority  stm32f1xx_hal_cortex.o
    0x08001fd8   0x08001fd8   0x0000003c   Code   RO         1163    i.RX_packet         zhiwen.o
    0x08002014   0x08002014   0x00000030   Code   RO         1164    i.Response_Data_Packet  zhiwen.o
    0x08002044   0x08002044   0x00000028   Code   RO         1165    i.Response_packet   zhiwen.o
    0x0800206c   0x0800206c   0x00000184   Code   RO          257    i.StartDefaultTask  freertos.o
    0x080021f0   0x080021f0   0x0000000e   Code   RO          465    i.SysTick_Handler   stm32f1xx_it.o
    0x080021fe   0x080021fe   0x0000004e   Code   RO           14    i.SystemClock_Config  main.o
    0x0800224c   0x0800224c   0x00000048   Code   RO         3098    i.SystemInit        system_stm32f1xx.o
    0x08002294   0x08002294   0x00000010   Code   RO         1858    i.UART_DMAAbortOnError  stm32f1xx_hal_uart.o
    0x080022a4   0x080022a4   0x0000004a   Code   RO         1859    i.UART_DMAError     stm32f1xx_hal_uart.o
    0x080022ee   0x080022ee   0x0000003c   Code   RO         1860    i.UART_DMAReceiveCplt  stm32f1xx_hal_uart.o
    0x0800232a   0x0800232a   0x0000000a   Code   RO         1862    i.UART_DMARxHalfCplt  stm32f1xx_hal_uart.o
    0x08002334   0x08002334   0x0000001c   Code   RO         1868    i.UART_EndRxTransfer  stm32f1xx_hal_uart.o
    0x08002350   0x08002350   0x00000012   Code   RO         1869    i.UART_EndTxTransfer  stm32f1xx_hal_uart.o
    0x08002362   0x08002362   0x00000096   Code   RO         1870    i.UART_Receive_IT   stm32f1xx_hal_uart.o
    0x080023f8   0x080023f8   0x00000170   Code   RO         1871    i.UART_SetConfig    stm32f1xx_hal_uart.o
    0x08002568   0x08002568   0x00000062   Code   RO         1872    i.UART_Transmit_IT  stm32f1xx_hal_uart.o
    0x080025ca   0x080025ca   0x00000064   Code   RO         1873    i.UART_WaitOnFlagUntilTimeout  stm32f1xx_hal_uart.o
    0x0800262e   0x0800262e   0x00000002   PAD
    0x08002630   0x08002630   0x0000005c   Code   RO          466    i.USART1_IRQHandler  stm32f1xx_it.o
    0x0800268c   0x0800268c   0x00000002   Code   RO          467    i.UsageFault_Handler  stm32f1xx_it.o
    0x0800268e   0x0800268e   0x0000000e   Code   RO         4998    i.__scatterload_copy  mc_w.l(handlers.o)
    0x0800269c   0x0800269c   0x00000002   Code   RO         4999    i.__scatterload_null  mc_w.l(handlers.o)
    0x0800269e   0x0800269e   0x0000000e   Code   RO         5000    i.__scatterload_zeroinit  mc_w.l(handlers.o)
    0x080026ac   0x080026ac   0x000000e0   Code   RO         1166    i.caiji             zhiwen.o
    0x0800278c   0x0800278c   0x0000001c   Code   RO         1167    i.cancel            zhiwen.o
    0x080027a8   0x080027a8   0x000000d0   Code   RO         1168    i.imagebuffer       zhiwen.o
    0x08002878   0x08002878   0x00000104   Code   RO         1169    i.jiance            zhiwen.o
    0x0800297c   0x0800297c   0x0000006c   Code   RO          262    i.key_scan          freertos.o
    0x080029e8   0x080029e8   0x000000e0   Code   RO         1170    i.luru              zhiwen.o
    0x08002ac8   0x08002ac8   0x00000034   Code   RO           15    i.main              main.o
    0x08002afc   0x08002afc   0x0000000c   Code   RO         4180    i.makeFreeRtosPriority  cmsis_os.o
    0x08002b08   0x08002b08   0x000000d8   Code   RO         1171    i.merge             zhiwen.o
    0x08002be0   0x08002be0   0x0000000a   Code   RO         4185    i.osKernelStart     cmsis_os.o
    0x08002bea   0x08002bea   0x00000014   Code   RO         4218    i.osSystickHandler  cmsis_os.o
    0x08002bfe   0x08002bfe   0x0000002e   Code   RO         4219    i.osThreadCreate    cmsis_os.o
    0x08002c2c   0x08002c2c   0x000000d0   Code   RO         3892    i.prvAddNewTaskToReadyList  tasks.o
    0x08002cfc   0x08002cfc   0x00000050   Code   RO         3893    i.prvCheckTasksWaitingTermination  tasks.o
    0x08002d4c   0x08002d4c   0x00000014   Code   RO         3894    i.prvDeleteTCB      tasks.o
    0x08002d60   0x08002d60   0x0000004c   Code   RO         4544    i.prvHeapInit       heap_4.o
    0x08002dac   0x08002dac   0x00000028   Code   RO         3895    i.prvIdleTask       tasks.o
    0x08002dd4   0x08002dd4   0x0000008e   Code   RO         3896    i.prvInitialiseNewTask  tasks.o
    0x08002e62   0x08002e62   0x00000002   PAD
    0x08002e64   0x08002e64   0x0000004c   Code   RO         4545    i.prvInsertBlockIntoFreeList  heap_4.o
    0x08002eb0   0x08002eb0   0x00000020   Code   RO         3897    i.prvResetNextTaskUnblockTime  tasks.o
    0x08002ed0   0x08002ed0   0x00000028   Code   RO         4606    i.prvTaskExitError  port.o
    0x08002ef8   0x08002ef8   0x000000d8   Code   RO         4546    i.pvPortMalloc      heap_4.o
    0x08002fd0   0x08002fd0   0x00000024   Code   RO         4607    i.pxPortInitialiseStack  port.o
    0x08002ff4   0x08002ff4   0x0000030c   Code   RO         1173    i.shibie            zhiwen.o
    0x08003300   0x08003300   0x00000024   Code   RO         3714    i.uxListRemove      list.o
    0x08003324   0x08003324   0x00000016   Code   RO         3715    i.vListInitialise   list.o
    0x0800333a   0x0800333a   0x00000006   Code   RO         3716    i.vListInitialiseItem  list.o
    0x08003340   0x08003340   0x00000018   Code   RO         3718    i.vListInsertEnd    list.o
    0x08003358   0x08003358   0x00000040   Code   RO         4609    i.vPortEnterCritical  port.o
    0x08003398   0x08003398   0x00000028   Code   RO         4610    i.vPortExitCritical  port.o
    0x080033c0   0x080033c0   0x0000005c   Code   RO         4547    i.vPortFree         heap_4.o
    0x0800341c   0x0800341c   0x00000020   Code   RO         4611    i.vPortSetupTimerInterrupt  port.o
    0x0800343c   0x0800343c   0x00000068   Code   RO         3916    i.vTaskStartScheduler  tasks.o
    0x080034a4   0x080034a4   0x00000010   Code   RO         3918    i.vTaskSuspendAll   tasks.o
    0x080034b4   0x080034b4   0x0000005c   Code   RO         3919    i.vTaskSwitchContext  tasks.o
    0x08003510   0x08003510   0x00000074   Code   RO         4613    i.xPortStartScheduler  port.o
    0x08003584   0x08003584   0x0000002c   Code   RO         4614    i.xPortSysTickHandler  port.o
    0x080035b0   0x080035b0   0x00000056   Code   RO         3921    i.xTaskCreate       tasks.o
    0x08003606   0x08003606   0x00000002   PAD
    0x08003608   0x08003608   0x0000001c   Code   RO         3925    i.xTaskGetSchedulerState  tasks.o
    0x08003624   0x08003624   0x000000c8   Code   RO         3928    i.xTaskIncrementTick  tasks.o
    0x080036ec   0x080036ec   0x000000c4   Code   RO         3934    i.xTaskResumeAll    tasks.o
    0x080037b0   0x080037b0   0x000000fc   Code   RO         1174    i.zhiwen_init       zhiwen.o
    0x080038ac   0x080038ac   0x00000028   Data   RO          264    .constdata          freertos.o
    0x080038d4   0x080038d4   0x000017c0   Data   RO          677    .constdata          lcd.o
    0x08005094   0x08005094   0x00000010   Data   RO         3099    .constdata          system_stm32f1xx.o
    0x080050a4   0x080050a4   0x00000008   Data   RO         3100    .constdata          system_stm32f1xx.o
    0x080050ac   0x080050ac   0x00000010   Data   RO          265    .conststring        freertos.o
    0x080050bc   0x080050bc   0x00000020   Data   RO         4996    Region$$Table       anon$$obj.o


    Execution Region RW_IRAM1 (Exec base: 0x20000000, Load base: 0x080050dc, Size: 0x000016a0, Max: 0x0000c000, ABSOLUTE)

    Exec Addr    Load Addr    Size         Type   Attr      Idx    E Section Name        Object

    0x20000000   0x080050dc   0x0000001e   Data   RW          266    .data               freertos.o
    0x2000001e   0x080050fa   0x00000002   Data   RW          469    .data               stm32f1xx_it.o
    0x20000020   0x080050fc   0x00000004   Data   RW          678    .data               lcd.o
    0x20000024   0x08005100   0x0000000c   Data   RW         1176    .data               zhiwen.o
    0x20000030   0x0800510c   0x0000000c   Data   RW         2169    .data               stm32f1xx_hal.o
    0x2000003c   0x08005118   0x00000004   Data   RW         3101    .data               system_stm32f1xx.o
    0x20000040   0x0800511c   0x0000003c   Data   RW         3937    .data               tasks.o
    0x2000007c   0x08005158   0x00000018   Data   RW         4552    .data               heap_4.o
    0x20000094   0x08005170   0x0000000c   Data   RW         4615    .data               port.o
    0x200000a0        -       0x000000c8   Zero   RW          418    .bss                usart.o
    0x20000168        -       0x0000001c   Zero   RW          468    .bss                stm32f1xx_it.o
    0x20000184        -       0x0000000e   Zero   RW          676    .bss                lcd.o
    0x20000192        -       0x0000001e   Zero   RW         1175    .bss                zhiwen.o
    0x200001b0        -       0x000000f0   Zero   RW         3936    .bss                tasks.o
    0x200002a0        -       0x00000c00   Zero   RW         4551    .bss                heap_4.o
    0x20000ea0        -       0x00000800   Zero   RW            1    STACK               startup_stm32f103xe.o


==============================================================================

Image component sizes


      Code (inc. data)   RO Data    RW Data    ZI Data      Debug   Object Name

        88          0          0          0          0      12402   cmsis_os.o
        60          4          0          0          0        718   dma.o
         0          0          0          0          0       8028   event_groups.o
       556        122         56         30          0       3169   freertos.o
       340         26          0          0          0       1003   gpio.o
       460         24          0         24       3072       7091   heap_4.o
      2300        148       6080          4         14      15150   lcd.o
        88          0          0          0          0       2588   list.o
       132          8          0          0          0     474130   main.o
       522         62          0         12          0       9968   port.o
        36          8        304          0       2048        780   startup_stm32f103xe.o
       164         28          0         12          0       6349   stm32f1xx_hal.o
       194         14          0          0          0      25619   stm32f1xx_hal_cortex.o
      1214         52          0          0          0       4874   stm32f1xx_hal_dma.o
       534         48          0          0          0       4491   stm32f1xx_hal_gpio.o
        72         10          0          0          0        826   stm32f1xx_hal_msp.o
      1308         98          0          0          0       5088   stm32f1xx_hal_rcc.o
      1726         24          0          0          0      12931   stm32f1xx_hal_uart.o
       150         34          0          2         28       5605   stm32f1xx_it.o
        72         16         24          4          0       1111   system_stm32f1xx.o
      1244        102          0         60        240      13658   tasks.o
       296         32          0          0        200       1764   usart.o
      2464        388          0         12         30       8652   zhiwen.o

    ----------------------------------------------------------------------
     14046       1248       6496        160       5632     625995   Object Totals
         0          0         32          0          0          0   (incl. Generated)
        26          0          0          0          0          0   (incl. Padding)

    ----------------------------------------------------------------------

      Code (inc. data)   RO Data    RW Data    ZI Data      Debug   Library Member Name

         0          0          0          0          0          0   entry.o
         0          0          0          0          0          0   entry10a.o
         0          0          0          0          0          0   entry11a.o
         8          4          0          0          0          0   entry2.o
         4          0          0          0          0          0   entry5.o
         0          0          0          0          0          0   entry7b.o
         0          0          0          0          0          0   entry8b.o
         8          4          0          0          0          0   entry9a.o
        30          0          0          0          0          0   handlers.o
        36          8          0          0          0         68   init.o
        36          0          0          0          0         68   memcpya.o
        36          0          0          0          0        108   memseta.o

    ----------------------------------------------------------------------
       158         16          0          0          0        244   Library Totals
         0          0          0          0          0          0   (incl. Padding)

    ----------------------------------------------------------------------

      Code (inc. data)   RO Data    RW Data    ZI Data      Debug   Library Name

       158         16          0          0          0        244   mc_w.l

    ----------------------------------------------------------------------
       158         16          0          0          0        244   Library Totals

    ----------------------------------------------------------------------

==============================================================================


      Code (inc. data)   RO Data    RW Data    ZI Data      Debug   

     14204       1264       6496        160       5632     619787   Grand Totals
     14204       1264       6496        160       5632     619787   ELF Image Totals
     14204       1264       6496        160          0          0   ROM Totals

==============================================================================

    Total RO  Size (Code + RO Data)                20700 (  20.21kB)
    Total RW  Size (RW Data + ZI Data)              5792 (   5.66kB)
    Total ROM Size (Code + RO Data + RW Data)      20860 (  20.37kB)

==============================================================================

